<html>
<body>
<pre>
<h1>µVision Build Log</h1>
<h2>Tool Versions:</h2>
IDE-Version: µVision V5.43.1.0
Copyright (C) 2025 ARM Ltd and ARM Germany GmbH. All rights reserved.
License Information: mosab mamoun, HP Inc., LIC=----
 
Tool Versions:
Toolchain:       MDK-Lite  Version: 5.43.0.0
Toolchain Path:  C:\Users\mosab\AppData\Local\Keil_v5\ARM\ARMCLANG\Bin
C Compiler:      ArmClang.exe V6.24
Assembler:       Armasm.exe V6.24
Linker/Locator:  ArmLink.exe V6.24
Library Manager: ArmAr.exe V6.24
Hex Converter:   FromElf.exe V6.24
CPU DLL:         SARMCM3.DLL V5.43.0.0
Dialog DLL:      DCM.DLL V1.17.5.0
Target DLL:      UL2CM3.DLL V1.164.16.0
Dialog DLL:      TCM.DLL V1.56.6.0
 
<h2>Project:</h2>
C:\Users\mosab\OneDrive\Desktop\micrprocessor\blue pill.uvprojx
Project File Date:  06/26/2026

<h2>Output:</h2>
*** Using Compiler 'V6.24', folder: 'C:\Users\mosab\AppData\Local\Keil_v5\ARM\ARMCLANG\Bin'
Build target 'Target_1'
main.c(391): warning: 'snprintf' will always be truncated; specified size is 17, but format string expands to at least 18 [-Wformat-truncation]
  391 |     snprintf(line1, sizeof(line1), "P1:%2d P2:%2d P3:%2d", v1, v2, v3);
      |     ^
main.c(508): warning: 'snprintf' will always be truncated; specified size is 17, but format string expands to at least 18 [-Wformat-truncation]
  508 |             snprintf(line2, sizeof(line2), "Val:%2d  [OPEN=OK]", live_val);
      |             ^
2 warnings generated.
compiling main.c...
linking...
Program Size: Code=9960 RO-data=924 RW-data=0 ZI-data=1632  
FromELF: creating hex file...
".\Objects\blue pill.axf" - 0 Error(s), 2 Warning(s).

<h2>Software Packages used:</h2>

Package Vendor: ARM
                https://www.keil.com/pack/ARM.CMSIS.6.3.0.pack
                ARM::CMSIS@6.3.0
                CMSIS (Common Microcontroller Software Interface Standard)
   * Component: CORE Version: 6.2.0

Package Vendor: Keil
                https://www.keil.com/pack/Keil.STM32F1xx_DFP.2.4.1.pack
                Keil::STM32F1xx_DFP@2.4.1
                STMicroelectronics STM32F1 Series Device Support, Drivers and Examples
   * Component: Startup Version: 1.0.0

<h2>Collection of Component include folders:</h2>
  ./RTE/Device/STM32F103C6
  ./RTE/_Target_1
  C:/Users/mosab/AppData/Local/Arm/Packs/ARM/CMSIS/6.3.0/CMSIS/Core/Include
  C:/Users/mosab/AppData/Local/Arm/Packs/Keil/STM32F1xx_DFP/2.4.1/Device/Include

<h2>Collection of Component Files used:</h2>

   * Component: ARM::CMSIS:CORE@6.2.0

   * Component: Keil::Device:Startup@1.0.0
      Source file:   Device/Source/ARM/startup_stm32f10x_ld.s
      Source file:   Device/Source/system_stm32f10x.c
      Include file:  RTE_Driver/Config/RTE_Device.h
      Source file:   Device/Source/ARM/STM32F1xx_OPT.s
Build Time Elapsed:  00:00:00
</pre>
</body>
</html>
