Component: Arm Compiler for Embedded 6.24 Tool: armlink [5f371500]

==============================================================================

Section Cross References

    main.o(.text.main) refers to main.o(.text.gpio_init) for gpio_init
    main.o(.text.main) refers to main.o(.text.adc_init) for adc_init
    main.o(.text.main) refers to main.o(.text.servo_init) for servo_init
    main.o(.text.main) refers to main.o(.text.lcd_init) for lcd_init
    main.o(.text.main) refers to main.o(.text.leds_all_off) for leds_all_off
    main.o(.text.main) refers to main.o(.text.servo_set_angle) for servo_set_angle
    main.o(.text.main) refers to main.o(.text.lcd_clear) for lcd_clear
    main.o(.text.main) refers to main.o(.text.lcd_set_cursor) for lcd_set_cursor
    main.o(.text.main) refers to main.o(.rodata.str1.1) for .L.str
    main.o(.text.main) refers to main.o(.text.lcd_print) for lcd_print
    main.o(.text.main) refers to main.o(.text.delay_ms) for delay_ms
    main.o(.text.main) refers to main.o(.text.adc_read) for adc_read
    main.o(.text.main) refers to main.o(.text.adc_to_value) for adc_to_value
    main.o(.text.main) refers to main.o(.text.read_reset) for read_reset
    main.o(.text.main) refers to main.o(.text.button_pressed_edge) for button_pressed_edge
    main.o(.text.main) refers to main.o(.text.lcd_show_values) for lcd_show_values
    main.o(.text.main) refers to main.o(.text.read_chpwd) for read_chpwd
    main.o(.text.main) refers to main.o(.text.read_open) for read_open
    main.o(.text.main) refers to main.o(.text.sound_correct) for sound_correct
    main.o(.text.main) refers to main.o(.text.sound_wrong) for sound_wrong
    main.o(.text.main) refers to snprintf.o(.text) for snprintf
    main.o(.text.main) refers to main.o(.text.sound_saved) for sound_saved
    main.o(.text.main) refers to main.o(.text.sound_password_done) for sound_password_done
    main.o(.ARM.exidx.text.main) refers to main.o(.text.main) for [Anonymous Symbol]
    main.o(.ARM.exidx.text.gpio_init) refers to main.o(.text.gpio_init) for [Anonymous Symbol]
    main.o(.text.adc_init) refers to main.o(.text.delay_us) for delay_us
    main.o(.ARM.exidx.text.adc_init) refers to main.o(.text.adc_init) for [Anonymous Symbol]
    main.o(.ARM.exidx.text.servo_init) refers to main.o(.text.servo_init) for [Anonymous Symbol]
    main.o(.text.lcd_init) refers to main.o(.text.i2c_init) for i2c_init
    main.o(.text.lcd_init) refers to main.o(.text.delay_ms) for delay_ms
    main.o(.text.lcd_init) refers to main.o(.text.lcd_write4) for lcd_write4
    main.o(.text.lcd_init) refers to main.o(.text.delay_us) for delay_us
    main.o(.text.lcd_init) refers to main.o(.text.lcd_cmd) for lcd_cmd
    main.o(.text.lcd_init) refers to main.o(.text.lcd_clear) for lcd_clear
    main.o(.ARM.exidx.text.lcd_init) refers to main.o(.text.lcd_init) for [Anonymous Symbol]
    main.o(.ARM.exidx.text.leds_all_off) refers to main.o(.text.leds_all_off) for [Anonymous Symbol]
    main.o(.ARM.exidx.text.servo_set_angle) refers to main.o(.text.servo_set_angle) for [Anonymous Symbol]
    main.o(.text.lcd_clear) refers to main.o(.text.lcd_cmd) for lcd_cmd
    main.o(.text.lcd_clear) refers to main.o(.text.delay_ms) for delay_ms
    main.o(.ARM.exidx.text.lcd_clear) refers to main.o(.text.lcd_clear) for [Anonymous Symbol]
    main.o(.text.lcd_set_cursor) refers to main.o(.text.lcd_cmd) for lcd_cmd
    main.o(.ARM.exidx.text.lcd_set_cursor) refers to main.o(.text.lcd_set_cursor) for [Anonymous Symbol]
    main.o(.text.lcd_print) refers to main.o(.text.lcd_data) for lcd_data
    main.o(.ARM.exidx.text.lcd_print) refers to main.o(.text.lcd_print) for [Anonymous Symbol]
    main.o(.text.delay_ms) refers to main.o(.text.delay_us) for delay_us
    main.o(.ARM.exidx.text.delay_ms) refers to main.o(.text.delay_ms) for [Anonymous Symbol]
    main.o(.ARM.exidx.text.adc_read) refers to main.o(.text.adc_read) for [Anonymous Symbol]
    main.o(.ARM.exidx.text.adc_to_value) refers to main.o(.text.adc_to_value) for [Anonymous Symbol]
    main.o(.text.button_pressed_edge) refers to main.o(.text.delay_ms) for delay_ms
    main.o(.ARM.exidx.text.button_pressed_edge) refers to main.o(.text.button_pressed_edge) for [Anonymous Symbol]
    main.o(.ARM.exidx.text.read_reset) refers to main.o(.text.read_reset) for [Anonymous Symbol]
    main.o(.text.lcd_show_values) refers to main.o(.rodata.str1.1) for .L.str.7
    main.o(.text.lcd_show_values) refers to snprintf.o(.text) for snprintf
    main.o(.text.lcd_show_values) refers to main.o(.text.lcd_set_cursor) for lcd_set_cursor
    main.o(.text.lcd_show_values) refers to main.o(.text.lcd_print) for lcd_print
    main.o(.ARM.exidx.text.lcd_show_values) refers to main.o(.text.lcd_show_values) for [Anonymous Symbol]
    main.o(.ARM.exidx.text.read_chpwd) refers to main.o(.text.read_chpwd) for [Anonymous Symbol]
[...]
    ../clib/angel/rt.s                       0x00000000   Number         0  rt_locale_intlibspace.o ABSOLUTE
    ../clib/angel/rt.s                       0x00000000   Number         0  rt_raise.o ABSOLUTE
    ../clib/angel/scatter.s                  0x00000000   Number         0  __scatter.o ABSOLUTE
    ../clib/angel/startup.s                  0x00000000   Number         0  __main.o ABSOLUTE
    ../clib/angel/sys.s                      0x00000000   Number         0  sys_stackheap_outer.o ABSOLUTE
    ../clib/angel/sys.s                      0x00000000   Number         0  libspace.o ABSOLUTE
    ../clib/angel/sys.s                      0x00000000   Number         0  use_no_semi.o ABSOLUTE
    ../clib/angel/sys.s                      0x00000000   Number         0  indicate_semi.o ABSOLUTE
    ../clib/angel/sysapp.c                   0x00000000   Number         0  sys_exit.o ABSOLUTE
    ../clib/angel/sysapp.c                   0x00000000   Number         0  sys_exit_hlt.o ABSOLUTE
    ../clib/angel/sysapp.c                   0x00000000   Number         0  sys_command.o ABSOLUTE
    ../clib/angel/sysapp.c                   0x00000000   Number         0  sys_command_hlt.o ABSOLUTE
    ../clib/angel/sysapp.c                   0x00000000   Number         0  sys_wrch.o ABSOLUTE
    ../clib/angel/sysapp.c                   0x00000000   Number         0  sys_wrch_hlt.o ABSOLUTE
    ../clib/armsys.c                         0x00000000   Number         0  argv_veneer.o ABSOLUTE
    ../clib/armsys.c                         0x00000000   Number         0  argv_veneer.o ABSOLUTE
    ../clib/armsys.c                         0x00000000   Number         0  _get_argv_nomalloc.o ABSOLUTE
    ../clib/armsys.c                         0x00000000   Number         0  no_argv.o ABSOLUTE
    ../clib/bigflt.c                         0x00000000   Number         0  bigflt0.o ABSOLUTE
    ../clib/btod.s                           0x00000000   Number         0  btod.o ABSOLUTE
    ../clib/btod_accurate.c                  0x00000000   Number         0  btod_accurate.o ABSOLUTE
    ../clib/btod_accurate.c                  0x00000000   Number         0  btod_accurate_common.o ABSOLUTE
    ../clib/heapalloc.c                      0x00000000   Number         0  hrguard.o ABSOLUTE
    ../clib/heapaux.c                        0x00000000   Number         0  heapauxi.o ABSOLUTE
    ../clib/libinit.s                        0x00000000   Number         0  libinit.o ABSOLUTE
    ../clib/libinit.s                        0x00000000   Number         0  libinit2.o ABSOLUTE
    ../clib/libinit.s                        0x00000000   Number         0  libshutdown.o ABSOLUTE
    ../clib/libinit.s                        0x00000000   Number         0  libshutdown2.o ABSOLUTE
    ../clib/locale.c                         0x00000000   Number         0  _c16rtomb.o ABSOLUTE
    ../clib/locale.s                         0x00000000   Number         0  lc_numeric_c.o ABSOLUTE
    ../clib/locale.s                         0x00000000   Number         0  lc_ctype_c.o ABSOLUTE
    ../clib/longlong.s                       0x00000000   Number         0  lludiv10.o ABSOLUTE
    ../clib/longlong.s                       0x00000000   Number         0  llushr.o ABSOLUTE
    ../clib/memcpset.s                       0x00000000   Number         0  strcmpv7m.o ABSOLUTE
    ../clib/misc.s                           0x00000000   Number         0  printf_stubs.o ABSOLUTE
    ../clib/printf.c                         0x00000000   Number         0  snprintf.o ABSOLUTE
    ../clib/printf.c                         0x00000000   Number         0  __printf.o ABSOLUTE
    ../clib/printf.c                         0x00000000   Number         0  _printf_pad.o ABSOLUTE
    ../clib/printf.c                         0x00000000   Number         0  _printf_truncate.o ABSOLUTE
    ../clib/printf.c                         0x00000000   Number         0  _printf_str.o ABSOLUTE
    ../clib/printf.c                         0x00000000   Number         0  _printf_dec.o ABSOLUTE
    ../clib/printf.c                         0x00000000   Number         0  _printf_charcount.o ABSOLUTE
    ../clib/printf.c                         0x00000000   Number         0  _printf_char_common.o ABSOLUTE
    ../clib/printf.c                         0x00000000   Number         0  _snputc.o ABSOLUTE
    ../clib/printf.c                         0x00000000   Number         0  _printf_wctomb.o ABSOLUTE
    ../clib/printf.c                         0x00000000   Number         0  _printf_longlong_dec.o ABSOLUTE
    ../clib/printf.c                         0x00000000   Number         0  _printf_oct_ll.o ABSOLUTE
    ../clib/printf.c                         0x00000000   Number         0  _printf_oct_int.o ABSOLUTE
    ../clib/printf.c                         0x00000000   Number         0  _printf_oct_int_ll.o ABSOLUTE
    ../clib/printf.c                         0x00000000   Number         0  _printf_hex_ll.o ABSOLUTE
    ../clib/printf.c                         0x00000000   Number         0  _printf_hex_int.o ABSOLUTE
    ../clib/printf.c                         0x00000000   Number         0  _printf_hex_int_ll.o ABSOLUTE
    ../clib/printf.c                         0x00000000   Number         0  _printf_hex_ptr.o ABSOLUTE
    ../clib/printf.c                         0x00000000   Number         0  _printf_hex_int_ptr.o ABSOLUTE
    ../clib/printf.c                         0x00000000   Number         0  _printf_hex_ll_ptr.o ABSOLUTE
    ../clib/printf.c                         0x00000000   Number         0  _printf_hex_int_ll_ptr.o ABSOLUTE
    ../clib/printf.c                         0x00000000   Number         0  __printf_flags.o ABSOLUTE
    ../clib/printf.c                         0x00000000   Number         0  __printf_ss.o ABSOLUTE
    ../clib/printf.c                         0x00000000   Number         0  __printf_flags_ss.o ABSOLUTE
    ../clib/printf.c                         0x00000000   Number         0  __printf_wp.o ABSOLUTE
    ../clib/printf.c                         0x00000000   Number         0  __printf_flags_wp.o ABSOLUTE
    ../clib/printf.c                         0x00000000   Number         0  __printf_ss_wp.o ABSOLUTE
    ../clib/printf.c                         0x00000000   Number         0  __printf_flags_ss_wp.o ABSOLUTE
    ../clib/printf.c                         0x00000000   Number         0  _printf_intcommon.o ABSOLUTE
    ../clib/printf.c                         0x00000000   Number         0  _printf_fp_dec.o ABSOLUTE
    ../clib/printf.c                         0x00000000   Number         0  _printf_fp_dec_accurate.o ABSOLUTE
    ../clib/printf.c                         0x00000000   Number         0  _printf_fp_hex.o ABSOLUTE
    ../clib/printf.c                         0x00000000   Number         0  __printf_nopercent.o ABSOLUTE
    ../clib/printf.c                         0x00000000   Number         0  _printf_char.o ABSOLUTE
    ../clib/printf.c                         0x00000000   Number         0  _printf_wchar.o ABSOLUTE
    ../clib/printf.c                         0x00000000   Number         0  _printf_fp_infnan.o ABSOLUTE
    ../clib/printf_percent.s                 0x00000000   Number         0  _printf_c.o ABSOLUTE
    ../clib/printf_percent.s                 0x00000000   Number         0  _printf_s.o ABSOLUTE
    ../clib/printf_percent.s                 0x00000000   Number         0  _printf_n.o ABSOLUTE
    ../clib/printf_percent.s                 0x00000000   Number         0  _printf_x.o ABSOLUTE
    ../clib/printf_percent.s                 0x00000000   Number         0  _printf_p.o ABSOLUTE
    ../clib/printf_percent.s                 0x00000000   Number         0  _printf_o.o ABSOLUTE
    ../clib/printf_percent.s                 0x00000000   Number         0  _printf_i.o ABSOLUTE
    ../clib/printf_percent.s                 0x00000000   Number         0  _printf_d.o ABSOLUTE
    ../clib/printf_percent.s                 0x00000000   Number         0  _printf_u.o ABSOLUTE
    ../clib/printf_percent.s                 0x00000000   Number         0  _printf_f.o ABSOLUTE
    ../clib/printf_percent.s                 0x00000000   Number         0  _printf_e.o ABSOLUTE
    ../clib/printf_percent.s                 0x00000000   Number         0  _printf_g.o ABSOLUTE
    ../clib/printf_percent.s                 0x00000000   Number         0  _printf_a.o ABSOLUTE
    ../clib/printf_percent.s                 0x00000000   Number         0  _printf_percent.o ABSOLUTE
    ../clib/printf_percent.s                 0x00000000   Number         0  _printf_lli.o ABSOLUTE
    ../clib/printf_percent.s                 0x00000000   Number         0  _printf_lld.o ABSOLUTE
    ../clib/printf_percent.s                 0x00000000   Number         0  _printf_llu.o ABSOLUTE
    ../clib/printf_percent.s                 0x00000000   Number         0  _printf_ll.o ABSOLUTE
    ../clib/printf_percent.s                 0x00000000   Number         0  _printf_l.o ABSOLUTE
    ../clib/printf_percent.s                 0x00000000   Number         0  _printf_lc.o ABSOLUTE
    ../clib/printf_percent.s                 0x00000000   Number         0  _printf_ls.o ABSOLUTE
    ../clib/printf_percent.s                 0x00000000   Number         0  _printf_llo.o ABSOLUTE
    ../clib/printf_percent.s                 0x00000000   Number         0  _printf_llx.o ABSOLUTE
    ../clib/printf_percent.s                 0x00000000   Number         0  _printf_percent_end.o ABSOLUTE
    ../clib/signal.c                         0x00000000   Number         0  defsig_rtmem_outer.o ABSOLUTE
    ../clib/signal.c                         0x00000000   Number         0  defsig_rtmem_formal.o ABSOLUTE
    ../clib/signal.c                         0x00000000   Number         0  defsig_exit.o ABSOLUTE
    ../clib/signal.c                         0x00000000   Number         0  defsig_rtmem_inner.o ABSOLUTE
    ../clib/signal.c                         0x00000000   Number         0  __raise.o ABSOLUTE
    ../clib/signal.c                         0x00000000   Number         0  defsig_general.o ABSOLUTE
    ../clib/signal.c                         0x00000000   Number         0  defsig_abrt_inner.o ABSOLUTE
    ../clib/signal.c                         0x00000000   Number         0  defsig_fpe_inner.o ABSOLUTE
    ../clib/signal.c                         0x00000000   Number         0  defsig_rtred_inner.o ABSOLUTE
    ../clib/signal.c                         0x00000000   Number         0  defsig_stak_inner.o ABSOLUTE
    ../clib/signal.c                         0x00000000   Number         0  defsig_pvfn_inner.o ABSOLUTE
    ../clib/signal.c                         0x00000000   Number         0  defsig_cppl_inner.o ABSOLUTE
    ../clib/signal.c                         0x00000000   Number         0  defsig_segv_inner.o ABSOLUTE
    ../clib/signal.c                         0x00000000   Number         0  defsig_other.o ABSOLUTE
    ../clib/signal.s                         0x00000000   Number         0  defsig.o ABSOLUTE
    ../clib/stdlib.c                         0x00000000   Number         0  exit.o ABSOLUTE
    ../fplib/fpinit.s                        0x00000000   Number         0  fpinit.o ABSOLUTE
    ../fplib/fpinit_empty.s                  0x00000000   Number         0  fpinit_empty.o ABSOLUTE
    ../fplib/istatus.s                       0x00000000   Number         0  istatus.o ABSOLUTE
    ../fplib/printf1.s                       0x00000000   Number         0  printf1.o ABSOLUTE
    ../fplib/printf2.s                       0x00000000   Number         0  printf2.o ABSOLUTE
    ../fplib/printf2a.s                      0x00000000   Number         0  printf2a.o ABSOLUTE
    ../fplib/printf2b.s                      0x00000000   Number         0  printf2b.o ABSOLUTE
    ../fplib/usenofp.s                       0x00000000   Number         0  usenofp.o ABSOLUTE
    ../mathlib/fpclassify.c                  0x00000000   Number         0  fpclassify.o ABSOLUTE
    RTE/Device/STM32F103C6/startup_stm32f10x_ld.s 0x00000000   Number         0  startup_stm32f10x_ld.o ABSOLUTE
    dc.s                                     0x00000000   Number         0  dc.o ABSOLUTE
    main.c                                   0x00000000   Number         0  main.o ABSOLUTE
    system_stm32f10x.c                       0x00000000   Number         0  system_stm32f10x.o ABSOLUTE
    RESET                                    0x08000000   Section      236  startup_stm32f10x_ld.o(RESET)
    !!!main                                  0x080000ec   Section        8  __main.o(!!!main)
    !!!scatter                               0x080000f4   Section       92  __scatter.o(!!!scatter)
    !!handler_null                           0x08000150   Section        2  __scatter.o(!!handler_null)
    !!handler_zi                             0x08000154   Section       28  __scatter_zi.o(!!handler_zi)
    .ARM.Collect$$_printf_percent$$00000000  0x08000170   Section        0  _printf_percent.o(.ARM.Collect$$_printf_percent$$00000000)
    .ARM.Collect$$_printf_percent$$00000001  0x08000170   Section        6  _printf_n.o(.ARM.Collect$$_printf_percent$$00000001)
    .ARM.Collect$$_printf_percent$$00000002  0x08000176   Section        6  _printf_p.o(.ARM.Collect$$_printf_percent$$00000002)
    .ARM.Collect$$_printf_percent$$00000003  0x0800017c   Section        6  _printf_f.o(.ARM.Collect$$_printf_percent$$00000003)
    .ARM.Collect$$_printf_percent$$00000004  0x08000182   Section        6  _printf_e.o(.ARM.Collect$$_printf_percent$$00000004)
    .ARM.Collect$$_printf_percent$$00000005  0x08000188   Section        6  _printf_g.o(.ARM.Collect$$_printf_percent$$00000005)
    .ARM.Collect$$_printf_percent$$00000006  0x0800018e   Section        6  _printf_a.o(.ARM.Collect$$_printf_percent$$00000006)
    .ARM.Collect$$_printf_percent$$00000007  0x08000194   Section       10  _printf_ll.o(.ARM.Collect$$_printf_percent$$00000007)
    .ARM.Collect$$_printf_percent$$00000008  0x0800019e   Section        6  _printf_i.o(.ARM.Collect$$_printf_percent$$00000008)
    .ARM.Collect$$_printf_percent$$00000009  0x080001a4   Section        6  _printf_d.o(.ARM.Collect$$_printf_percent$$00000009)
    .ARM.Collect$$_printf_percent$$0000000A  0x080001aa   Section        6  _printf_u.o(.ARM.Collect$$_printf_percent$$0000000A)
    .ARM.Collect$$_printf_percent$$0000000B  0x080001b0   Section        6  _printf_o.o(.ARM.Collect$$_printf_percent$$0000000B)
    .ARM.Collect$$_printf_percent$$0000000C  0x080001b6   Section        6  _printf_x.o(.ARM.Collect$$_printf_percent$$0000000C)
    .ARM.Collect$$_printf_percent$$0000000D  0x080001bc   Section        6  _printf_lli.o(.ARM.Collect$$_printf_percent$$0000000D)
    .ARM.Collect$$_printf_percent$$0000000E  0x080001c2   Section        6  _printf_lld.o(.ARM.Collect$$_printf_percent$$0000000E)
    .ARM.Collect$$_printf_percent$$0000000F  0x080001c8   Section        6  _printf_llu.o(.ARM.Collect$$_printf_percent$$0000000F)
    .ARM.Collect$$_printf_percent$$00000010  0x080001ce   Section        6  _printf_llo.o(.ARM.Collect$$_printf_percent$$00000010)
    .ARM.Collect$$_printf_percent$$00000011  0x080001d4   Section        6  _printf_llx.o(.ARM.Collect$$_printf_percent$$00000011)
    .ARM.Collect$$_printf_percent$$00000012  0x080001da   Section       10  _printf_l.o(.ARM.Collect$$_printf_percent$$00000012)
    .ARM.Collect$$_printf_percent$$00000013  0x080001e4   Section        6  _printf_c.o(.ARM.Collect$$_printf_percent$$00000013)
    .ARM.Collect$$_printf_percent$$00000014  0x080001ea   Section        6  _printf_s.o(.ARM.Collect$$_printf_percent$$00000014)
    .ARM.Collect$$_printf_percent$$00000015  0x080001f0   Section        6  _printf_lc.o(.ARM.Collect$$_printf_percent$$00000015)
    .ARM.Collect$$_printf_percent$$00000016  0x080001f6   Section        6  _printf_ls.o(.ARM.Collect$$_printf_percent$$00000016)
    .ARM.Collect$$_printf_percent$$00000017  0x080001fc   Section        4  _printf_percent_end.o(.ARM.Collect$$_printf_percent$$00000017)
    .ARM.Collect$$libinit$$00000000          0x08000200   Section        2  libinit.o(.ARM.Collect$$libinit$$00000000)
    .ARM.Collect$$libinit$$00000002          0x08000202   Section        0  libinit2.o(.ARM.Collect$$libinit$$00000002)
    .ARM.Collect$$libinit$$00000004          0x08000202   Section        0  libinit2.o(.ARM.Collect$$libinit$$00000004)
    .ARM.Collect$$libinit$$00000006          0x08000202   Section        0  libinit2.o(.ARM.Collect$$libinit$$00000006)
    .ARM.Collect$$libinit$$0000000C          0x08000202   Section        0  libinit2.o(.ARM.Collect$$libinit$$0000000C)
    .ARM.Collect$$libinit$$0000000E          0x08000202   Section        0  libinit2.o(.ARM.Collect$$libinit$$0000000E)
    .ARM.Collect$$libinit$$00000010          0x08000202   Section        0  libinit2.o(.ARM.Collect$$libinit$$00000010)
    .ARM.Collect$$libinit$$00000011          0x08000202   Section        6  libinit2.o(.ARM.Collect$$libinit$$00000011)
    .ARM.Collect$$libinit$$00000013          0x08000208   Section        0  libinit2.o(.ARM.Collect$$libinit$$00000013)
    .ARM.Collect$$libinit$$00000014          0x08000208   Section       12  libinit2.o(.ARM.Collect$$libinit$$00000014)
    .ARM.Collect$$libinit$$00000015          0x08000214   Section        0  libinit2.o(.ARM.Collect$$libinit$$00000015)
    .ARM.Collect$$libinit$$00000017          0x08000214   Section        0  libinit2.o(.ARM.Collect$$libinit$$00000017)
    .ARM.Collect$$libinit$$00000018          0x08000214   Section       10  libinit2.o(.ARM.Collect$$libinit$$00000018)
    .ARM.Collect$$libinit$$00000019          0x0800021e   Section        0  libinit2.o(.ARM.Collect$$libinit$$00000019)
    .ARM.Collect$$libinit$$0000001B          0x0800021e   Section        0  libinit2.o(.ARM.Collect$$libinit$$0000001B)
    .ARM.Collect$$libinit$$0000001D          0x0800021e   Section        0  libinit2.o(.ARM.Collect$$libinit$$0000001D)
    .ARM.Collect$$libinit$$0000001F          0x0800021e   Section        0  libinit2.o(.ARM.Collect$$libinit$$0000001F)
    .ARM.Collect$$libinit$$00000021          0x0800021e   Section        0  libinit2.o(.ARM.Collect$$libinit$$00000021)
    .ARM.Collect$$libinit$$00000023          0x0800021e   Section        0  libinit2.o(.ARM.Collect$$libinit$$00000023)
    .ARM.Collect$$libinit$$00000025          0x0800021e   Section        0  libinit2.o(.ARM.Collect$$libinit$$00000025)
    .ARM.Collect$$libinit$$00000027          0x0800021e   Section        0  libinit2.o(.ARM.Collect$$libinit$$00000027)
    .ARM.Collect$$libinit$$0000002E          0x0800021e   Section        0  libinit2.o(.ARM.Collect$$libinit$$0000002E)
    .ARM.Collect$$libinit$$00000030          0x0800021e   Section        0  libinit2.o(.ARM.Collect$$libinit$$00000030)
    .ARM.Collect$$libinit$$00000032          0x0800021e   Section        0  libinit2.o(.ARM.Collect$$libinit$$00000032)
    .ARM.Collect$$libinit$$00000034          0x0800021e   Section        0  libinit2.o(.ARM.Collect$$libinit$$00000034)
    .ARM.Collect$$libinit$$00000035          0x0800021e   Section        2  libinit2.o(.ARM.Collect$$libinit$$00000035)
    .ARM.Collect$$libshutdown$$00000000      0x08000220   Section        2  libshutdown.o(.ARM.Collect$$libshutdown$$00000000)
    .ARM.Collect$$libshutdown$$00000002      0x08000222   Section        0  libshutdown2.o(.ARM.Collect$$libshutdown$$00000002)
    .ARM.Collect$$libshutdown$$00000004      0x08000222   Section        0  libshutdown2.o(.ARM.Collect$$libshutdown$$00000004)
    .ARM.Collect$$libshutdown$$00000007      0x08000222   Section        0  libshutdown2.o(.ARM.Collect$$libshutdown$$00000007)
    .ARM.Collect$$libshutdown$$0000000A      0x08000222   Section        0  libshutdown2.o(.ARM.Collect$$libshutdown$$0000000A)
    .ARM.Collect$$libshutdown$$0000000C      0x08000222   Section        0  libshutdown2.o(.ARM.Collect$$libshutdown$$0000000C)
    .ARM.Collect$$libshutdown$$0000000F      0x08000222   Section        0  libshutdown2.o(.ARM.Collect$$libshutdown$$0000000F)
    .ARM.Collect$$libshutdown$$00000010      0x08000222   Section        2  libshutdown2.o(.ARM.Collect$$libshutdown$$00000010)
    .ARM.Collect$$rtentry$$00000000          0x08000224   Section        0  __rtentry.o(.ARM.Collect$$rtentry$$00000000)
    .ARM.Collect$$rtentry$$00000002          0x08000224   Section        0  __rtentry2.o(.ARM.Collect$$rtentry$$00000002)
    .ARM.Collect$$rtentry$$00000004          0x08000224   Section        6  __rtentry4.o(.ARM.Collect$$rtentry$$00000004)
    .ARM.Collect$$rtentry$$00000009          0x0800022a   Section        0  __rtentry2.o(.ARM.Collect$$rtentry$$00000009)
    .ARM.Collect$$rtentry$$0000000A          0x0800022a   Section        4  __rtentry2.o(.ARM.Collect$$rtentry$$0000000A)
    .ARM.Collect$$rtentry$$0000000C          0x0800022e   Section        0  __rtentry2.o(.ARM.Collect$$rtentry$$0000000C)
    .ARM.Collect$$rtentry$$0000000D          0x0800022e   Section        8  __rtentry2.o(.ARM.Collect$$rtentry$$0000000D)
    .ARM.Collect$$rtexit$$00000000           0x08000236   Section        2  rtexit.o(.ARM.Collect$$rtexit$$00000000)
    .ARM.Collect$$rtexit$$00000002           0x08000238   Section        0  rtexit2.o(.ARM.Collect$$rtexit$$00000002)
    .ARM.Collect$$rtexit$$00000003           0x08000238   Section        4  rtexit2.o(.ARM.Collect$$rtexit$$00000003)
    .ARM.Collect$$rtexit$$00000004           0x0800023c   Section        6  rtexit2.o(.ARM.Collect$$rtexit$$00000004)
    .text                                    0x08000244   Section       64  startup_stm32f10x_ld.o(.text)
    .text                                    0x08000284   Section        0  snprintf.o(.text)
    .text                                    0x080002c4   Section        0  heapauxi.o(.text)
    .text                                    0x080002ca   Section        0  _printf_pad.o(.text)
    .text                                    0x08000318   Section        0  _printf_truncate.o(.text)
    .text                                    0x0800033c   Section        0  _printf_str.o(.text)
    .text                                    0x08000390   Section        0  _printf_dec.o(.text)
    .text                                    0x08000408   Section        0  _printf_charcount.o(.text)
    _printf_input_char                       0x08000431   Thumb Code    10  _printf_char_common.o(.text)
    .text                                    0x08000430   Section        0  _printf_char_common.o(.text)
    .text                                    0x08000460   Section        0  _snputc.o(.text)
    .text                                    0x08000470   Section        0  _printf_wctomb.o(.text)
    .text                                    0x0800052c   Section        0  _printf_longlong_dec.o(.text)
    _printf_longlong_oct_internal            0x080005a9   Thumb Code     0  _printf_oct_int_ll.o(.text)
    .text                                    0x080005a8   Section        0  _printf_oct_int_ll.o(.text)
    _printf_hex_common                       0x08000619   Thumb Code     0  _printf_hex_int_ll_ptr.o(.text)
    .text                                    0x08000618   Section        0  _printf_hex_int_ll_ptr.o(.text)
    .text                                    0x080006ac   Section        0  __printf_flags_ss_wp.o(.text)
    .text                                    0x08000834   Section      138  lludiv10.o(.text)
    .text                                    0x080008be   Section        0  _printf_intcommon.o(.text)
    _fp_digits                               0x08000971   Thumb Code   432  _printf_fp_dec.o(.text)
    .text                                    0x08000970   Section        0  _printf_fp_dec.o(.text)
    .text                                    0x08000d8c   Section        0  _printf_fp_hex.o(.text)
    .text                                    0x08001088   Section        0  _printf_char.o(.text)
    .text                                    0x080010b4   Section        0  _printf_wchar.o(.text)
    .text                                    0x080010e0   Section        0  _c16rtomb.o(.text)
    .text                                    0x08001128   Section       74  sys_stackheap_outer.o(.text)
    .text                                    0x08001174   Section       16  rt_ctype_table.o(.text)
    .text                                    0x08001184   Section        8  rt_locale_intlibspace.o(.text)
    .text                                    0x0800118c   Section        0  _printf_fp_infnan.o(.text)
    .text                                    0x0800120c   Section        0  bigflt0.o(.text)
    .text                                    0x080012f0   Section        0  exit.o(.text)
    .text                                    0x08001304   Section        8  libspace.o(.text)
    .text                                    0x0800130c   Section      128  strcmpv7m.o(.text)
    .text                                    0x0800138c   Section        0  sys_exit.o(.text)
    .text                                    0x08001398   Section        2  use_no_semi.o(.text)
    .text                                    0x0800139a   Section        0  indicate_semi.o(.text)
    SetSysClock                              0x0800139d   Thumb Code     8  system_stm32f10x.o(.text.SetSysClock)
    [Anonymous Symbol]                       0x0800139c   Section        0  system_stm32f10x.o(.text.SetSysClock)
    SetSysClockTo72                          0x080013a5   Thumb Code   290  system_stm32f10x.o(.text.SetSysClockTo72)
    [Anonymous Symbol]                       0x080013a4   Section        0  system_stm32f10x.o(.text.SetSysClockTo72)
    [Anonymous Symbol]                       0x080014c8   Section        0  system_stm32f10x.o(.text.SystemInit)
    adc_init                                 0x08001531   Thumb Code   116  main.o(.text.adc_init)
    [Anonymous Symbol]                       0x08001530   Section        0  main.o(.text.adc_init)
    adc_read                                 0x080015a5   Thumb Code   120  main.o(.text.adc_read)
    [Anonymous Symbol]                       0x080015a4   Section        0  main.o(.text.adc_read)
    adc_to_value                             0x0800161d   Thumb Code    52  main.o(.text.adc_to_value)
    [Anonymous Symbol]                       0x0800161c   Section        0  main.o(.text.adc_to_value)
    button_pressed_edge                      0x08001651   Thumb Code    92  main.o(.text.button_pressed_edge)
    [Anonymous Symbol]                       0x08001650   Section        0  main.o(.text.button_pressed_edge)
    buzzer_beep                              0x080016ad   Thumb Code    56  main.o(.text.buzzer_beep)
    [Anonymous Symbol]                       0x080016ac   Section        0  main.o(.text.buzzer_beep)
    delay_ms                                 0x080016e5   Thumb Code    32  main.o(.text.delay_ms)
    [Anonymous Symbol]                       0x080016e4   Section        0  main.o(.text.delay_ms)
    delay_us                                 0x08001705   Thumb Code    30  main.o(.text.delay_us)
    [Anonymous Symbol]                       0x08001704   Section        0  main.o(.text.delay_us)
    gpio_init                                0x08001725   Thumb Code   150  main.o(.text.gpio_init)
    [Anonymous Symbol]                       0x08001724   Section        0  main.o(.text.gpio_init)
    i2c_init                                 0x080017bd   Thumb Code    36  main.o(.text.i2c_init)
    [Anonymous Symbol]                       0x080017bc   Section        0  main.o(.text.i2c_init)
    i2c_scl_high                             0x080017e1   Thumb Code    14  main.o(.text.i2c_scl_high)
    [Anonymous Symbol]                       0x080017e0   Section        0  main.o(.text.i2c_scl_high)
    i2c_scl_low                              0x080017f1   Thumb Code    16  main.o(.text.i2c_scl_low)
    [Anonymous Symbol]                       0x080017f0   Section        0  main.o(.text.i2c_scl_low)
    i2c_sda_high                             0x08001801   Thumb Code    14  main.o(.text.i2c_sda_high)
    [Anonymous Symbol]                       0x08001800   Section        0  main.o(.text.i2c_sda_high)
    i2c_sda_low                              0x08001811   Thumb Code    16  main.o(.text.i2c_sda_low)
    [Anonymous Symbol]                       0x08001810   Section        0  main.o(.text.i2c_sda_low)
    i2c_start                                0x08001821   Thumb Code    38  main.o(.text.i2c_start)
    [Anonymous Symbol]                       0x08001820   Section        0  main.o(.text.i2c_start)
    i2c_stop                                 0x08001849   Thumb Code    34  main.o(.text.i2c_stop)
    [Anonymous Symbol]                       0x08001848   Section        0  main.o(.text.i2c_stop)
    i2c_write_byte                           0x0800186d   Thumb Code   122  main.o(.text.i2c_write_byte)
    [Anonymous Symbol]                       0x0800186c   Section        0  main.o(.text.i2c_write_byte)
    lcd_clear                                0x080018e9   Thumb Code    16  main.o(.text.lcd_clear)
    [Anonymous Symbol]                       0x080018e8   Section        0  main.o(.text.lcd_clear)
    lcd_cmd                                  0x080018f9   Thumb Code    22  main.o(.text.lcd_cmd)
    [Anonymous Symbol]                       0x080018f8   Section        0  main.o(.text.lcd_cmd)
    lcd_data                                 0x08001911   Thumb Code    22  main.o(.text.lcd_data)
    [Anonymous Symbol]                       0x08001910   Section        0  main.o(.text.lcd_data)
    lcd_init                                 0x08001929   Thumb Code   102  main.o(.text.lcd_init)
    [Anonymous Symbol]                       0x08001928   Section        0  main.o(.text.lcd_init)
    lcd_print                                0x08001991   Thumb Code    34  main.o(.text.lcd_print)
    [Anonymous Symbol]                       0x08001990   Section        0  main.o(.text.lcd_print)
    lcd_send_byte                            0x080019b5   Thumb Code    48  main.o(.text.lcd_send_byte)
    [Anonymous Symbol]                       0x080019b4   Section        0  main.o(.text.lcd_send_byte)
    lcd_set_cursor                           0x080019e5   Thumb Code    48  main.o(.text.lcd_set_cursor)
    [Anonymous Symbol]                       0x080019e4   Section        0  main.o(.text.lcd_set_cursor)
    lcd_show_values                          0x08001a15   Thumb Code   114  main.o(.text.lcd_show_values)
    [Anonymous Symbol]                       0x08001a14   Section        0  main.o(.text.lcd_show_values)
    lcd_write4                               0x08001a89   Thumb Code    92  main.o(.text.lcd_write4)
    [Anonymous Symbol]                       0x08001a88   Section        0  main.o(.text.lcd_write4)
    leds_all_off                             0x08001ae5   Thumb Code    28  main.o(.text.leds_all_off)
    [Anonymous Symbol]                       0x08001ae4   Section        0  main.o(.text.leds_all_off)
    [Anonymous Symbol]                       0x08001b00   Section        0  main.o(.text.main)
    read_chpwd                               0x08001e51   Thumb Code    22  main.o(.text.read_chpwd)
    [Anonymous Symbol]                       0x08001e50   Section        0  main.o(.text.read_chpwd)
    read_open                                0x08001e69   Thumb Code    16  main.o(.text.read_open)
    [Anonymous Symbol]                       0x08001e68   Section        0  main.o(.text.read_open)
    read_reset                               0x08001e79   Thumb Code    22  main.o(.text.read_reset)
    [Anonymous Symbol]                       0x08001e78   Section        0  main.o(.text.read_reset)
    servo_init                               0x08001e91   Thumb Code   146  main.o(.text.servo_init)
    [Anonymous Symbol]                       0x08001e90   Section        0  main.o(.text.servo_init)
    servo_set_angle                          0x08001f25   Thumb Code    50  main.o(.text.servo_set_angle)
    [Anonymous Symbol]                       0x08001f24   Section        0  main.o(.text.servo_set_angle)
    sound_correct                            0x08001f59   Thumb Code    20  main.o(.text.sound_correct)
    [Anonymous Symbol]                       0x08001f58   Section        0  main.o(.text.sound_correct)
    sound_password_done                      0x08001f6d   Thumb Code    36  main.o(.text.sound_password_done)
    [Anonymous Symbol]                       0x08001f6c   Section        0  main.o(.text.sound_password_done)
    sound_saved                              0x08001f91   Thumb Code    12  main.o(.text.sound_saved)
    [Anonymous Symbol]                       0x08001f90   Section        0  main.o(.text.sound_saved)
    sound_wrong                              0x08001f9d   Thumb Code    14  main.o(.text.sound_wrong)
    [Anonymous Symbol]                       0x08001f9c   Section        0  main.o(.text.sound_wrong)
    CL$$btod_d2e                             0x08001faa   Section       62  btod.o(CL$$btod_d2e)
    CL$$btod_d2e_denorm_low                  0x08001fe8   Section       70  btod.o(CL$$btod_d2e_denorm_low)
    CL$$btod_d2e_norm_op1                    0x0800202e   Section       96  btod.o(CL$$btod_d2e_norm_op1)
    CL$$btod_div_common                      0x08002090   Section      824  btod.o(CL$$btod_div_common)
    CL$$btod_e2e                             0x080023c8   Section      220  btod.o(CL$$btod_e2e)
    CL$$btod_ediv                            0x080024a4   Section       42  btod.o(CL$$btod_ediv)
    CL$$btod_emul                            0x080024ce   Section       42  btod.o(CL$$btod_emul)
    CL$$btod_mult_common                     0x080024f8   Section      580  btod.o(CL$$btod_mult_common)
    i.__ARM_fpclassify                       0x0800273c   Section        0  fpclassify.o(i.__ARM_fpclassify)
    i._is_digit                              0x08002764   Section        0  __printf_wp.o(i._is_digit)
    locale$$code                             0x08002774   Section       44  lc_numeric_c.o(locale$$code)
    locale$$code                             0x080027a0   Section       44  lc_ctype_c.o(locale$$code)
    x$fpl$printf1                            0x080027cc   Section        4  printf1.o(x$fpl$printf1)
    x$fpl$printf2                            0x080027d0   Section        4  printf2.o(x$fpl$printf2)
    initial_mbstate                          0x080027d4   Data           8  _printf_wctomb.o(.constdata)
    .constdata                               0x080027d4   Section        8  _printf_wctomb.o(.constdata)
    x$fpl$usenofp                            0x080027d4   Section        0  usenofp.o(x$fpl$usenofp)
    uc_hextab                                0x080027dc   Data          20  _printf_hex_int_ll_ptr.o(.constdata)
    .constdata                               0x080027dc   Section       40  _printf_hex_int_ll_ptr.o(.constdata)
    lc_hextab                                0x080027f0   Data          20  _printf_hex_int_ll_ptr.o(.constdata)
    maptable                                 0x08002804   Data          17  __printf_flags_ss_wp.o(.constdata)
    .constdata                               0x08002804   Section       17  __printf_flags_ss_wp.o(.constdata)
    lc_hextab                                0x08002815   Data          19  _printf_fp_hex.o(.constdata)
    .constdata                               0x08002815   Section       38  _printf_fp_hex.o(.constdata)
    uc_hextab                                0x08002828   Data          19  _printf_fp_hex.o(.constdata)
    tenpwrs_x                                0x0800283c   Data          60  bigflt0.o(.constdata)
    .constdata                               0x0800283c   Section      148  bigflt0.o(.constdata)
    tenpwrs_i                                0x08002878   Data          64  bigflt0.o(.constdata)
    .L.str.6                                 0x080028d0   Data           5  main.o(.rodata.str1.1)
    [Anonymous Symbol]                       0x080028d0   Section        0  main.o(.rodata.str1.1)
    .L.str.1                                 0x080028d5   Data          15  main.o(.rodata.str1.1)
    .L.str.3                                 0x080028e4   Data           9  main.o(.rodata.str1.1)
    .L.str.2                                 0x080028ed   Data          11  main.o(.rodata.str1.1)
    .L.str.5                                 0x080028f8   Data          19  main.o(.rodata.str1.1)
    .L.str.4                                 0x0800290b   Data          15  main.o(.rodata.str1.1)
    .L.str.7                                 0x0800291a   Data          21  main.o(.rodata.str1.1)
    .L.str                                   0x0800292f   Data          16  main.o(.rodata.str1.1)
    .L.str.8                                 0x0800293f   Data           6  main.o(.rodata.str1.1)
    locale$$data                             0x08002958   Section       28  lc_numeric_c.o(locale$$data)
    __lcnum_c_name                           0x0800295c   Data           2  lc_numeric_c.o(locale$$data)
    __lcnum_c_start                          0x08002964   Data           0  lc_numeric_c.o(locale$$data)
    __lcnum_c_point                          0x08002970   Data           0  lc_numeric_c.o(locale$$data)
    __lcnum_c_thousands                      0x08002972   Data           0  lc_numeric_c.o(locale$$data)
    __lcnum_c_grouping                       0x08002973   Data           0  lc_numeric_c.o(locale$$data)
    __lcnum_c_end                            0x08002974   Data           0  lc_numeric_c.o(locale$$data)
    locale$$data                             0x08002974   Section      272  lc_ctype_c.o(locale$$data)
    __lcctype_c_name                         0x08002978   Data           2  lc_ctype_c.o(locale$$data)
    __lcctype_c_start                        0x08002980   Data           0  lc_ctype_c.o(locale$$data)
    __lcctype_c_end                          0x08002a84   Data           0  lc_ctype_c.o(locale$$data)
    .bss                                     0x20000000   Section       96  libspace.o(.bss)
    Heap_Mem                                 0x20000060   Data         512  startup_stm32f10x_ld.o(HEAP)
    HEAP                                     0x20000060   Section      512  startup_stm32f10x_ld.o(HEAP)
    Stack_Mem                                0x20000260   Data        1024  startup_stm32f10x_ld.o(STACK)
    STACK                                    0x20000260   Section     1024  startup_stm32f10x_ld.o(STACK)
    __initial_sp                             0x20000660   Data           0  startup_stm32f10x_ld.o(STACK)

    Global Symbols

    Symbol Name                              Value     Ov Type        Size  Object(Section)

    BuildAttributes$$THM_ISAv4$P$D$K$B$S$PE$A:L22UL41UL21$X:L11$S22US41US21$IEEE1$IW$~IW$USESV6$~STKCKD$USESV7$~SHL$OTIME$ROPI$IEEEJ$EBA8$UX$STANDARDLIB$REQ8$PRES8$EABIv2 0x00000000   Number         0  anon$$obj.o ABSOLUTE
    __fp_init_empty                          0x00000000   Number         0  fpinit_empty.o ABSOLUTE
    _printf_flags                            0x00000000   Number         0  printf_stubs.o ABSOLUTE
    _printf_return_value                     0x00000000   Number         0  printf_stubs.o ABSOLUTE
    _printf_sizespec                         0x00000000   Number         0  printf_stubs.o ABSOLUTE
    _printf_widthprec                        0x00000000   Number         0  printf_stubs.o ABSOLUTE
    __ARM_exceptions_init                     - Undefined Weak Reference
    __alloca_initialize                       - Undefined Weak Reference
    __arm_preinit_                            - Undefined Weak Reference
    __arm_relocate_pie_                       - Undefined Weak Reference
    __cpp_initialize__aeabi_                  - Undefined Weak Reference
    __cxa_finalize                            - Undefined Weak Reference
    __sigvec_lookup                           - Undefined Weak Reference
    _atexit_init                              - Undefined Weak Reference
    _call_atexit_fns                          - Undefined Weak Reference
    _clock_init                               - Undefined Weak Reference
    _fp_trap_init                             - Undefined Weak Reference
    _fp_trap_shutdown                         - Undefined Weak Reference
    _get_lc_collate                           - Undefined Weak Reference
    _get_lc_monetary                          - Undefined Weak Reference
    _get_lc_time                              - Undefined Weak Reference
    _getenv_init                              - Undefined Weak Reference
    _handle_redirection                       - Undefined Weak Reference
    _init_alloc                               - Undefined Weak Reference
    _init_user_alloc                          - Undefined Weak Reference
    _initio                                   - Undefined Weak Reference
    _printf_mbtowc                            - Undefined Weak Reference
    _printf_wc                                - Undefined Weak Reference
    _rand_init                                - Undefined Weak Reference
    _signal_finish                            - Undefined Weak Reference
    _signal_init                              - Undefined Weak Reference
    _terminate_alloc                          - Undefined Weak Reference
    _terminate_user_alloc                     - Undefined Weak Reference
    _terminateio                              - Undefined Weak Reference
    __Vectors_Size                           0x000000ec   Number         0  startup_stm32f10x_ld.o ABSOLUTE
    __Vectors                                0x08000000   Data           4  startup_stm32f10x_ld.o(RESET)
    __Vectors_End                            0x080000ec   Data           0  startup_stm32f10x_ld.o(RESET)
    __main                                   0x080000ed   Thumb Code     8  __main.o(!!!main)
    __scatterload                            0x080000f5   Thumb Code     0  __scatter.o(!!!scatter)
    __scatterload_rt2                        0x080000f5   Thumb Code    84  __scatter.o(!!!scatter)
    __scatterload_rt2_thumb_only             0x080000f5   Thumb Code     0  __scatter.o(!!!scatter)
    __scatterload_loop                       0x080000ff   Thumb Code     0  __scatter.o(!!!scatter)
    __scatterload_null                       0x08000151   Thumb Code     2  __scatter.o(!!handler_null)
    __scatterload_zeroinit                   0x08000155   Thumb Code    28  __scatter_zi.o(!!handler_zi)
    _printf_n                                0x08000171   Thumb Code     0  _printf_n.o(.ARM.Collect$$_printf_percent$$00000001)
    _printf_percent                          0x08000171   Thumb Code     0  _printf_percent.o(.ARM.Collect$$_printf_percent$$00000000)
    _printf_p                                0x08000177   Thumb Code     0  _printf_p.o(.ARM.Collect$$_printf_percent$$00000002)
    _printf_f                                0x0800017d   Thumb Code     0  _printf_f.o(.ARM.Collect$$_printf_percent$$00000003)
    _printf_e                                0x08000183   Thumb Code     0  _printf_e.o(.ARM.Collect$$_printf_percent$$00000004)
    _printf_g                                0x08000189   Thumb Code     0  _printf_g.o(.ARM.Collect$$_printf_percent$$00000005)
    _printf_a                                0x0800018f   Thumb Code     0  _printf_a.o(.ARM.Collect$$_printf_percent$$00000006)
    _printf_ll                               0x08000195   Thumb Code     0  _printf_ll.o(.ARM.Collect$$_printf_percent$$00000007)
    _printf_i                                0x0800019f   Thumb Code     0  _printf_i.o(.ARM.Collect$$_printf_percent$$00000008)
    _printf_d                                0x080001a5   Thumb Code     0  _printf_d.o(.ARM.Collect$$_printf_percent$$00000009)
    _printf_u                                0x080001ab   Thumb Code     0  _printf_u.o(.ARM.Collect$$_printf_percent$$0000000A)
    _printf_o                                0x080001b1   Thumb Code     0  _printf_o.o(.ARM.Collect$$_printf_percent$$0000000B)
    _printf_x                                0x080001b7   Thumb Code     0  _printf_x.o(.ARM.Collect$$_printf_percent$$0000000C)
    _printf_lli                              0x080001bd   Thumb Code     0  _printf_lli.o(.ARM.Collect$$_printf_percent$$0000000D)
    _printf_lld                              0x080001c3   Thumb Code     0  _printf_lld.o(.ARM.Collect$$_printf_percent$$0000000E)
    _printf_llu                              0x080001c9   Thumb Code     0  _printf_llu.o(.ARM.Collect$$_printf_percent$$0000000F)
    _printf_llo                              0x080001cf   Thumb Code     0  _printf_llo.o(.ARM.Collect$$_printf_percent$$00000010)
    _printf_llx                              0x080001d5   Thumb Code     0  _printf_llx.o(.ARM.Collect$$_printf_percent$$00000011)
    _printf_l                                0x080001db   Thumb Code     0  _printf_l.o(.ARM.Collect$$_printf_percent$$00000012)
    _printf_c                                0x080001e5   Thumb Code     0  _printf_c.o(.ARM.Collect$$_printf_percent$$00000013)
    _printf_s                                0x080001eb   Thumb Code     0  _printf_s.o(.ARM.Collect$$_printf_percent$$00000014)
    _printf_lc                               0x080001f1   Thumb Code     0  _printf_lc.o(.ARM.Collect$$_printf_percent$$00000015)
    _printf_ls                               0x080001f7   Thumb Code     0  _printf_ls.o(.ARM.Collect$$_printf_percent$$00000016)
    _printf_percent_end                      0x080001fd   Thumb Code     0  _printf_percent_end.o(.ARM.Collect$$_printf_percent$$00000017)
    __rt_lib_init                            0x08000201   Thumb Code     0  libinit.o(.ARM.Collect$$libinit$$00000000)
    __rt_lib_init_fp_1                       0x08000203   Thumb Code     0  libinit2.o(.ARM.Collect$$libinit$$00000002)
    __rt_lib_init_heap_1                     0x08000203   Thumb Code     0  libinit2.o(.ARM.Collect$$libinit$$0000000C)
    __rt_lib_init_lc_common                  0x08000203   Thumb Code     0  libinit2.o(.ARM.Collect$$libinit$$00000011)
    __rt_lib_init_preinit_1                  0x08000203   Thumb Code     0  libinit2.o(.ARM.Collect$$libinit$$00000006)
    __rt_lib_init_rand_1                     0x08000203   Thumb Code     0  libinit2.o(.ARM.Collect$$libinit$$00000010)
    __rt_lib_init_relocate_pie_1             0x08000203   Thumb Code     0  libinit2.o(.ARM.Collect$$libinit$$00000004)
    __rt_lib_init_user_alloc_1               0x08000203   Thumb Code     0  libinit2.o(.ARM.Collect$$libinit$$0000000E)
    __rt_lib_init_lc_collate_1               0x08000209   Thumb Code     0  libinit2.o(.ARM.Collect$$libinit$$00000013)
    __rt_lib_init_lc_ctype_2                 0x08000209   Thumb Code     0  libinit2.o(.ARM.Collect$$libinit$$00000014)
    __rt_lib_init_lc_ctype_1                 0x08000215   Thumb Code     0  libinit2.o(.ARM.Collect$$libinit$$00000015)
    __rt_lib_init_lc_monetary_1              0x08000215   Thumb Code     0  libinit2.o(.ARM.Collect$$libinit$$00000017)
    __rt_lib_init_lc_numeric_2               0x08000215   Thumb Code     0  libinit2.o(.ARM.Collect$$libinit$$00000018)
    __rt_lib_init_alloca_1                   0x0800021f   Thumb Code     0  libinit2.o(.ARM.Collect$$libinit$$00000030)
    __rt_lib_init_argv_1                     0x0800021f   Thumb Code     0  libinit2.o(.ARM.Collect$$libinit$$0000002E)
    __rt_lib_init_atexit_1                   0x0800021f   Thumb Code     0  libinit2.o(.ARM.Collect$$libinit$$0000001D)
    __rt_lib_init_clock_1                    0x0800021f   Thumb Code     0  libinit2.o(.ARM.Collect$$libinit$$00000023)
    __rt_lib_init_cpp_1                      0x0800021f   Thumb Code     0  libinit2.o(.ARM.Collect$$libinit$$00000034)
    __rt_lib_init_exceptions_1               0x0800021f   Thumb Code     0  libinit2.o(.ARM.Collect$$libinit$$00000032)
    __rt_lib_init_fp_trap_1                  0x0800021f   Thumb Code     0  libinit2.o(.ARM.Collect$$libinit$$00000021)
    __rt_lib_init_getenv_1                   0x0800021f   Thumb Code     0  libinit2.o(.ARM.Collect$$libinit$$00000025)
    __rt_lib_init_lc_numeric_1               0x0800021f   Thumb Code     0  libinit2.o(.ARM.Collect$$libinit$$00000019)
    __rt_lib_init_lc_time_1                  0x0800021f   Thumb Code     0  libinit2.o(.ARM.Collect$$libinit$$0000001B)
    __rt_lib_init_return                     0x0800021f   Thumb Code     0  libinit2.o(.ARM.Collect$$libinit$$00000035)
    __rt_lib_init_signal_1                   0x0800021f   Thumb Code     0  libinit2.o(.ARM.Collect$$libinit$$0000001F)
    __rt_lib_init_stdio_1                    0x0800021f   Thumb Code     0  libinit2.o(.ARM.Collect$$libinit$$00000027)
    __rt_lib_shutdown                        0x08000221   Thumb Code     0  libshutdown.o(.ARM.Collect$$libshutdown$$00000000)
    __rt_lib_shutdown_cpp_1                  0x08000223   Thumb Code     0  libshutdown2.o(.ARM.Collect$$libshutdown$$00000002)
    __rt_lib_shutdown_fp_trap_1              0x08000223   Thumb Code     0  libshutdown2.o(.ARM.Collect$$libshutdown$$00000007)
    __rt_lib_shutdown_heap_1                 0x08000223   Thumb Code     0  libshutdown2.o(.ARM.Collect$$libshutdown$$0000000F)
    __rt_lib_shutdown_return                 0x08000223   Thumb Code     0  libshutdown2.o(.ARM.Collect$$libshutdown$$00000010)
    __rt_lib_shutdown_signal_1               0x08000223   Thumb Code     0  libshutdown2.o(.ARM.Collect$$libshutdown$$0000000A)
    __rt_lib_shutdown_stdio_1                0x08000223   Thumb Code     0  libshutdown2.o(.ARM.Collect$$libshutdown$$00000004)
    __rt_lib_shutdown_user_alloc_1           0x08000223   Thumb Code     0  libshutdown2.o(.ARM.Collect$$libshutdown$$0000000C)
    __rt_entry                               0x08000225   Thumb Code     0  __rtentry.o(.ARM.Collect$$rtentry$$00000000)
    __rt_entry_presh_1                       0x08000225   Thumb Code     0  __rtentry2.o(.ARM.Collect$$rtentry$$00000002)
    __rt_entry_sh                            0x08000225   Thumb Code     0  __rtentry4.o(.ARM.Collect$$rtentry$$00000004)
    __rt_entry_li                            0x0800022b   Thumb Code     0  __rtentry2.o(.ARM.Collect$$rtentry$$0000000A)
    __rt_entry_postsh_1                      0x0800022b   Thumb Code     0  __rtentry2.o(.ARM.Collect$$rtentry$$00000009)
    __rt_entry_main                          0x0800022f   Thumb Code     0  __rtentry2.o(.ARM.Collect$$rtentry$$0000000D)
    __rt_entry_postli_1                      0x0800022f   Thumb Code     0  __rtentry2.o(.ARM.Collect$$rtentry$$0000000C)
    __rt_exit                                0x08000237   Thumb Code     0  rtexit.o(.ARM.Collect$$rtexit$$00000000)
    __rt_exit_ls                             0x08000239   Thumb Code     0  rtexit2.o(.ARM.Collect$$rtexit$$00000003)
    __rt_exit_prels_1                        0x08000239   Thumb Code     0  rtexit2.o(.ARM.Collect$$rtexit$$00000002)
    __rt_exit_exit                           0x0800023d   Thumb Code     0  rtexit2.o(.ARM.Collect$$rtexit$$00000004)
    Reset_Handler                            0x08000245   Thumb Code     8  startup_stm32f10x_ld.o(.text)
    NMI_Handler                              0x0800024d   Thumb Code     2  startup_stm32f10x_ld.o(.text)
    HardFault_Handler                        0x0800024f   Thumb Code     2  startup_stm32f10x_ld.o(.text)
    MemManage_Handler                        0x08000251   Thumb Code     2  startup_stm32f10x_ld.o(.text)
    BusFault_Handler                         0x08000253   Thumb Code     2  startup_stm32f10x_ld.o(.text)
    UsageFault_Handler                       0x08000255   Thumb Code     2  startup_stm32f10x_ld.o(.text)
    SVC_Handler                              0x08000257   Thumb Code     2  startup_stm32f10x_ld.o(.text)
    DebugMon_Handler                         0x08000259   Thumb Code     2  startup_stm32f10x_ld.o(.text)
    PendSV_Handler                           0x0800025b   Thumb Code     2  startup_stm32f10x_ld.o(.text)
    SysTick_Handler                          0x0800025d   Thumb Code     2  startup_stm32f10x_ld.o(.text)
    ADC1_2_IRQHandler                        0x0800025f   Thumb Code     0  startup_stm32f10x_ld.o(.text)
    CAN1_RX1_IRQHandler                      0x0800025f   Thumb Code     0  startup_stm32f10x_ld.o(.text)
    CAN1_SCE_IRQHandler                      0x0800025f   Thumb Code     0  startup_stm32f10x_ld.o(.text)
    DMA1_Channel1_IRQHandler                 0x0800025f   Thumb Code     0  startup_stm32f10x_ld.o(.text)
    DMA1_Channel2_IRQHandler                 0x0800025f   Thumb Code     0  startup_stm32f10x_ld.o(.text)
    DMA1_Channel3_IRQHandler                 0x0800025f   Thumb Code     0  startup_stm32f10x_ld.o(.text)
    DMA1_Channel4_IRQHandler                 0x0800025f   Thumb Code     0  startup_stm32f10x_ld.o(.text)
    DMA1_Channel5_IRQHandler                 0x0800025f   Thumb Code     0  startup_stm32f10x_ld.o(.text)
    DMA1_Channel6_IRQHandler                 0x0800025f   Thumb Code     0  startup_stm32f10x_ld.o(.text)
    DMA1_Channel7_IRQHandler                 0x0800025f   Thumb Code     0  startup_stm32f10x_ld.o(.text)
    EXTI0_IRQHandler                         0x0800025f   Thumb Code     0  startup_stm32f10x_ld.o(.text)
    EXTI15_10_IRQHandler                     0x0800025f   Thumb Code     0  startup_stm32f10x_ld.o(.text)
    EXTI1_IRQHandler                         0x0800025f   Thumb Code     0  startup_stm32f10x_ld.o(.text)
    EXTI2_IRQHandler                         0x0800025f   Thumb Code     0  startup_stm32f10x_ld.o(.text)
    EXTI3_IRQHandler                         0x0800025f   Thumb Code     0  startup_stm32f10x_ld.o(.text)
    EXTI4_IRQHandler                         0x0800025f   Thumb Code     0  startup_stm32f10x_ld.o(.text)
    EXTI9_5_IRQHandler                       0x0800025f   Thumb Code     0  startup_stm32f10x_ld.o(.text)
    FLASH_IRQHandler                         0x0800025f   Thumb Code     0  startup_stm32f10x_ld.o(.text)
    I2C1_ER_IRQHandler                       0x0800025f   Thumb Code     0  startup_stm32f10x_ld.o(.text)
    I2C1_EV_IRQHandler                       0x0800025f   Thumb Code     0  startup_stm32f10x_ld.o(.text)
    PVD_IRQHandler                           0x0800025f   Thumb Code     0  startup_stm32f10x_ld.o(.text)
    RCC_IRQHandler                           0x0800025f   Thumb Code     0  startup_stm32f10x_ld.o(.text)
    RTCAlarm_IRQHandler                      0x0800025f   Thumb Code     0  startup_stm32f10x_ld.o(.text)
    RTC_IRQHandler                           0x0800025f   Thumb Code     0  startup_stm32f10x_ld.o(.text)
    SPI1_IRQHandler                          0x0800025f   Thumb Code     0  startup_stm32f10x_ld.o(.text)
    TAMPER_IRQHandler                        0x0800025f   Thumb Code     0  startup_stm32f10x_ld.o(.text)
    TIM1_BRK_IRQHandler                      0x0800025f   Thumb Code     0  startup_stm32f10x_ld.o(.text)
    TIM1_CC_IRQHandler                       0x0800025f   Thumb Code     0  startup_stm32f10x_ld.o(.text)
    TIM1_TRG_COM_IRQHandler                  0x0800025f   Thumb Code     0  startup_stm32f10x_ld.o(.text)
    TIM1_UP_IRQHandler                       0x0800025f   Thumb Code     0  startup_stm32f10x_ld.o(.text)
    TIM2_IRQHandler                          0x0800025f   Thumb Code     0  startup_stm32f10x_ld.o(.text)
    TIM3_IRQHandler                          0x0800025f   Thumb Code     0  startup_stm32f10x_ld.o(.text)
    USART1_IRQHandler                        0x0800025f   Thumb Code     0  startup_stm32f10x_ld.o(.text)
    USART2_IRQHandler                        0x0800025f   Thumb Code     0  startup_stm32f10x_ld.o(.text)
    USBWakeUp_IRQHandler                     0x0800025f   Thumb Code     0  startup_stm32f10x_ld.o(.text)
    USB_HP_CAN1_TX_IRQHandler                0x0800025f   Thumb Code     0  startup_stm32f10x_ld.o(.text)
    USB_LP_CAN1_RX0_IRQHandler               0x0800025f   Thumb Code     0  startup_stm32f10x_ld.o(.text)
    WWDG_IRQHandler                          0x0800025f   Thumb Code     0  startup_stm32f10x_ld.o(.text)
    __user_initial_stackheap                 0x08000261   Thumb Code     0  startup_stm32f10x_ld.o(.text)
    snprintf                                 0x08000285   Thumb Code    58  snprintf.o(.text)
    __use_two_region_memory                  0x080002c5   Thumb Code     2  heapauxi.o(.text)
    __rt_heap_escrow$2region                 0x080002c7   Thumb Code     2  heapauxi.o(.text)
    __rt_heap_expand$2region                 0x080002c9   Thumb Code     2  heapauxi.o(.text)
    _printf_pre_padding                      0x080002cb   Thumb Code    44  _printf_pad.o(.text)
    _printf_post_padding                     0x080002f7   Thumb Code    34  _printf_pad.o(.text)
    _printf_truncate_signed                  0x08000319   Thumb Code    18  _printf_truncate.o(.text)
    _printf_truncate_unsigned                0x0800032b   Thumb Code    18  _printf_truncate.o(.text)
    _printf_str                              0x0800033d   Thumb Code    82  _printf_str.o(.text)
    _printf_int_dec                          0x08000391   Thumb Code   104  _printf_dec.o(.text)
    _printf_charcount                        0x08000409   Thumb Code    40  _printf_charcount.o(.text)
    _printf_char_common                      0x0800043b   Thumb Code    32  _printf_char_common.o(.text)
    _snputc                                  0x08000461   Thumb Code    16  _snputc.o(.text)
    _printf_wctomb                           0x08000471   Thumb Code   182  _printf_wctomb.o(.text)
    _printf_longlong_dec                     0x0800052d   Thumb Code   108  _printf_longlong_dec.o(.text)
    _printf_longlong_oct                     0x080005a9   Thumb Code    68  _printf_oct_int_ll.o(.text)
    _printf_int_oct                          0x080005ed   Thumb Code    24  _printf_oct_int_ll.o(.text)
    _printf_ll_oct                           0x08000605   Thumb Code    12  _printf_oct_int_ll.o(.text)
    _printf_longlong_hex                     0x08000619   Thumb Code    86  _printf_hex_int_ll_ptr.o(.text)
    _printf_int_hex                          0x0800066f   Thumb Code    28  _printf_hex_int_ll_ptr.o(.text)
    _printf_ll_hex                           0x0800068b   Thumb Code    12  _printf_hex_int_ll_ptr.o(.text)
    _printf_hex_ptr                          0x08000697   Thumb Code    18  _printf_hex_int_ll_ptr.o(.text)
    __printf                                 0x080006ad   Thumb Code   388  __printf_flags_ss_wp.o(.text)
    _ll_udiv10                               0x08000835   Thumb Code   138  lludiv10.o(.text)
    _printf_int_common                       0x080008bf   Thumb Code   178  _printf_intcommon.o(.text)
    _printf_fp_dec_real                      0x08000b21   Thumb Code   620  _printf_fp_dec.o(.text)
    _printf_fp_hex_real                      0x08000d8d   Thumb Code   756  _printf_fp_hex.o(.text)
    _printf_cs_common                        0x08001089   Thumb Code    20  _printf_char.o(.text)
    _printf_char                             0x0800109d   Thumb Code    16  _printf_char.o(.text)
    _printf_string                           0x080010ad   Thumb Code     8  _printf_char.o(.text)
    _printf_lcs_common                       0x080010b5   Thumb Code    20  _printf_wchar.o(.text)
    _printf_wchar                            0x080010c9   Thumb Code    16  _printf_wchar.o(.text)
    _printf_wstring                          0x080010d9   Thumb Code     8  _printf_wchar.o(.text)
    _c16rtomb                                0x080010e1   Thumb Code    72  _c16rtomb.o(.text)
    _wcrtomb                                 0x080010e1   Thumb Code     0  _c16rtomb.o(.text)
    __user_setup_stackheap                   0x08001129   Thumb Code    74  sys_stackheap_outer.o(.text)
    __rt_ctype_table                         0x08001175   Thumb Code    16  rt_ctype_table.o(.text)
    __rt_locale                              0x08001185   Thumb Code     8  rt_locale_intlibspace.o(.text)
    _printf_fp_infnan                        0x0800118d   Thumb Code   112  _printf_fp_infnan.o(.text)
    _btod_etento                             0x0800120d   Thumb Code   224  bigflt0.o(.text)
    exit                                     0x080012f1   Thumb Code    18  exit.o(.text)
    __user_libspace                          0x08001305   Thumb Code     8  libspace.o(.text)
    __user_perproc_libspace                  0x08001305   Thumb Code     0  libspace.o(.text)
    __user_perthread_libspace                0x08001305   Thumb Code     0  libspace.o(.text)
    strcmp                                   0x0800130d   Thumb Code   128  strcmpv7m.o(.text)
    _sys_exit                                0x0800138d   Thumb Code     8  sys_exit.o(.text)
    __I$use$semihosting                      0x08001399   Thumb Code     0  use_no_semi.o(.text)
    __use_no_semihosting_swi                 0x08001399   Thumb Code     2  use_no_semi.o(.text)
    __semihosting_library_function           0x0800139b   Thumb Code     0  indicate_semi.o(.text)
    SystemInit                               0x080014c9   Thumb Code   102  system_stm32f10x.o(.text.SystemInit)
    main                                     0x08001b01   Thumb Code   848  main.o(.text.main)
    _btod_d2e                                0x08001fab   Thumb Code    62  btod.o(CL$$btod_d2e)
    _d2e_denorm_low                          0x08001fe9   Thumb Code    70  btod.o(CL$$btod_d2e_denorm_low)
    _d2e_norm_op1                            0x0800202f   Thumb Code    96  btod.o(CL$$btod_d2e_norm_op1)
    __btod_div_common                        0x08002091   Thumb Code   696  btod.o(CL$$btod_div_common)
    _e2e                                     0x080023c9   Thumb Code   220  btod.o(CL$$btod_e2e)
    _btod_ediv                               0x080024a5   Thumb Code    42  btod.o(CL$$btod_ediv)
    _btod_emul                               0x080024cf   Thumb Code    42  btod.o(CL$$btod_emul)
    __btod_mult_common                       0x080024f9   Thumb Code   580  btod.o(CL$$btod_mult_common)
    __ARM_fpclassify                         0x0800273d   Thumb Code    40  fpclassify.o(i.__ARM_fpclassify)
    _is_digit                                0x08002765   Thumb Code    14  __printf_wp.o(i._is_digit)
    _get_lc_numeric                          0x08002775   Thumb Code    44  lc_numeric_c.o(locale$$code)
    _get_lc_ctype                            0x080027a1   Thumb Code    44  lc_ctype_c.o(locale$$code)
    _printf_fp_dec                           0x080027cd   Thumb Code     4  printf1.o(x$fpl$printf1)
    _printf_fp_hex                           0x080027d1   Thumb Code     4  printf2.o(x$fpl$printf2)
    __I$use$fp                               0x080027d4   Number         0  usenofp.o(x$fpl$usenofp)
    Region$$Table$$Base                      0x08002948   Number         0  anon$$obj.o(Region$$Table)
    Region$$Table$$Limit                     0x08002958   Number         0  anon$$obj.o(Region$$Table)
    __ctype                                  0x08002981   Data           0  lc_ctype_c.o(locale$$data)
    __libspace_start                         0x20000000   Data          96  libspace.o(.bss)
    __temporary_stack_top$libspace           0x20000060   Data           0  libspace.o(.bss)



==============================================================================

Memory Map of the image

  Image Entry point : 0x08000245

  Load Region LR_1 (Base: 0x08000000, Size: 0x00002a84, Max: 0xffffffff, ABSOLUTE)

    Execution Region ER_RO (Exec base: 0x08000000, Load base: 0x08000000, Size: 0x00002a84, Max: 0xffffffff, ABSOLUTE)

    Exec Addr    Load Addr    Size         Type   Attr      Idx    E Section Name        Object

    0x08000000   0x08000000   0x000000ec   Data   RO           86    RESET               startup_stm32f10x_ld.o
    0x080000ec   0x080000ec   0x00000008   Code   RO          116  * !!!main             c_w.l(__main.o)
    0x080000f4   0x080000f4   0x0000005c   Code   RO          453    !!!scatter          c_w.l(__scatter.o)
    0x08000150   0x08000150   0x00000002   Code   RO          454    !!handler_null      c_w.l(__scatter.o)
    0x08000152   0x08000152   0x00000002   PAD
    0x08000154   0x08000154   0x0000001c   Code   RO          457    !!handler_zi        c_w.l(__scatter_zi.o)
    0x08000170   0x08000170   0x00000000   Code   RO          200    .ARM.Collect$$_printf_percent$$00000000  c_w.l(_printf_percent.o)
    0x08000170   0x08000170   0x00000006   Code   RO          189    .ARM.Collect$$_printf_percent$$00000001  c_w.l(_printf_n.o)
    0x08000176   0x08000176   0x00000006   Code   RO          191    .ARM.Collect$$_printf_percent$$00000002  c_w.l(_printf_p.o)
    0x0800017c   0x0800017c   0x00000006   Code   RO          196    .ARM.Collect$$_printf_percent$$00000003  c_w.l(_printf_f.o)
    0x08000182   0x08000182   0x00000006   Code   RO          197    .ARM.Collect$$_printf_percent$$00000004  c_w.l(_printf_e.o)
    0x08000188   0x08000188   0x00000006   Code   RO          198    .ARM.Collect$$_printf_percent$$00000005  c_w.l(_printf_g.o)
    0x0800018e   0x0800018e   0x00000006   Code   RO          199    .ARM.Collect$$_printf_percent$$00000006  c_w.l(_printf_a.o)
    0x08000194   0x08000194   0x0000000a   Code   RO          204    .ARM.Collect$$_printf_percent$$00000007  c_w.l(_printf_ll.o)
    0x0800019e   0x0800019e   0x00000006   Code   RO          193    .ARM.Collect$$_printf_percent$$00000008  c_w.l(_printf_i.o)
    0x080001a4   0x080001a4   0x00000006   Code   RO          194    .ARM.Collect$$_printf_percent$$00000009  c_w.l(_printf_d.o)
    0x080001aa   0x080001aa   0x00000006   Code   RO          195    .ARM.Collect$$_printf_percent$$0000000A  c_w.l(_printf_u.o)
    0x080001b0   0x080001b0   0x00000006   Code   RO          192    .ARM.Collect$$_printf_percent$$0000000B  c_w.l(_printf_o.o)
    0x080001b6   0x080001b6   0x00000006   Code   RO          190    .ARM.Collect$$_printf_percent$$0000000C  c_w.l(_printf_x.o)
    0x080001bc   0x080001bc   0x00000006   Code   RO          201    .ARM.Collect$$_printf_percent$$0000000D  c_w.l(_printf_lli.o)
    0x080001c2   0x080001c2   0x00000006   Code   RO          202    .ARM.Collect$$_printf_percent$$0000000E  c_w.l(_printf_lld.o)
    0x080001c8   0x080001c8   0x00000006   Code   RO          203    .ARM.Collect$$_printf_percent$$0000000F  c_w.l(_printf_llu.o)
    0x080001ce   0x080001ce   0x00000006   Code   RO          208    .ARM.Collect$$_printf_percent$$00000010  c_w.l(_printf_llo.o)
    0x080001d4   0x080001d4   0x00000006   Code   RO          209    .ARM.Collect$$_printf_percent$$00000011  c_w.l(_printf_llx.o)
    0x080001da   0x080001da   0x0000000a   Code   RO          205    .ARM.Collect$$_printf_percent$$00000012  c_w.l(_printf_l.o)
    0x080001e4   0x080001e4   0x00000006   Code   RO          187    .ARM.Collect$$_printf_percent$$00000013  c_w.l(_printf_c.o)
    0x080001ea   0x080001ea   0x00000006   Code   RO          188    .ARM.Collect$$_printf_percent$$00000014  c_w.l(_printf_s.o)
    0x080001f0   0x080001f0   0x00000006   Code   RO          206    .ARM.Collect$$_printf_percent$$00000015  c_w.l(_printf_lc.o)
    0x080001f6   0x080001f6   0x00000006   Code   RO          207    .ARM.Collect$$_printf_percent$$00000016  c_w.l(_printf_ls.o)
    0x080001fc   0x080001fc   0x00000004   Code   RO          250    .ARM.Collect$$_printf_percent$$00000017  c_w.l(_printf_percent_end.o)
    0x08000200   0x08000200   0x00000002   Code   RO          301    .ARM.Collect$$libinit$$00000000  c_w.l(libinit.o)
    0x08000202   0x08000202   0x00000000   Code   RO          320    .ARM.Collect$$libinit$$00000002  c_w.l(libinit2.o)
    0x08000202   0x08000202   0x00000000   Code   RO          322    .ARM.Collect$$libinit$$00000004  c_w.l(libinit2.o)
    0x08000202   0x08000202   0x00000000   Code   RO          324    .ARM.Collect$$libinit$$00000006  c_w.l(libinit2.o)
    0x08000202   0x08000202   0x00000000   Code   RO          327    .ARM.Collect$$libinit$$0000000C  c_w.l(libinit2.o)
    0x08000202   0x08000202   0x00000000   Code   RO          329    .ARM.Collect$$libinit$$0000000E  c_w.l(libinit2.o)
    0x08000202   0x08000202   0x00000000   Code   RO          331    .ARM.Collect$$libinit$$00000010  c_w.l(libinit2.o)
    0x08000202   0x08000202   0x00000006   Code   RO          332    .ARM.Collect$$libinit$$00000011  c_w.l(libinit2.o)
    0x08000208   0x08000208   0x00000000   Code   RO          334    .ARM.Collect$$libinit$$00000013  c_w.l(libinit2.o)
    0x08000208   0x08000208   0x0000000c   Code   RO          335    .ARM.Collect$$libinit$$00000014  c_w.l(libinit2.o)
    0x08000214   0x08000214   0x00000000   Code   RO          336    .ARM.Collect$$libinit$$00000015  c_w.l(libinit2.o)
    0x08000214   0x08000214   0x00000000   Code   RO          338    .ARM.Collect$$libinit$$00000017  c_w.l(libinit2.o)
    0x08000214   0x08000214   0x0000000a   Code   RO          339    .ARM.Collect$$libinit$$00000018  c_w.l(libinit2.o)
    0x0800021e   0x0800021e   0x00000000   Code   RO          340    .ARM.Collect$$libinit$$00000019  c_w.l(libinit2.o)
    0x0800021e   0x0800021e   0x00000000   Code   RO          342    .ARM.Collect$$libinit$$0000001B  c_w.l(libinit2.o)
    0x0800021e   0x0800021e   0x00000000   Code   RO          344    .ARM.Collect$$libinit$$0000001D  c_w.l(libinit2.o)
    0x0800021e   0x0800021e   0x00000000   Code   RO          346    .ARM.Collect$$libinit$$0000001F  c_w.l(libinit2.o)
    0x0800021e   0x0800021e   0x00000000   Code   RO          348    .ARM.Collect$$libinit$$00000021  c_w.l(libinit2.o)
    0x0800021e   0x0800021e   0x00000000   Code   RO          350    .ARM.Collect$$libinit$$00000023  c_w.l(libinit2.o)
    0x0800021e   0x0800021e   0x00000000   Code   RO          352    .ARM.Collect$$libinit$$00000025  c_w.l(libinit2.o)
    0x0800021e   0x0800021e   0x00000000   Code   RO          354    .ARM.Collect$$libinit$$00000027  c_w.l(libinit2.o)
    0x0800021e   0x0800021e   0x00000000   Code   RO          358    .ARM.Collect$$libinit$$0000002E  c_w.l(libinit2.o)
    0x0800021e   0x0800021e   0x00000000   Code   RO          360    .ARM.Collect$$libinit$$00000030  c_w.l(libinit2.o)
    0x0800021e   0x0800021e   0x00000000   Code   RO          362    .ARM.Collect$$libinit$$00000032  c_w.l(libinit2.o)
    0x0800021e   0x0800021e   0x00000000   Code   RO          364    .ARM.Collect$$libinit$$00000034  c_w.l(libinit2.o)
    0x0800021e   0x0800021e   0x00000002   Code   RO          365    .ARM.Collect$$libinit$$00000035  c_w.l(libinit2.o)
    0x08000220   0x08000220   0x00000002   Code   RO          389    .ARM.Collect$$libshutdown$$00000000  c_w.l(libshutdown.o)
    0x08000222   0x08000222   0x00000000   Code   RO          404    .ARM.Collect$$libshutdown$$00000002  c_w.l(libshutdown2.o)
    0x08000222   0x08000222   0x00000000   Code   RO          406    .ARM.Collect$$libshutdown$$00000004  c_w.l(libshutdown2.o)
    0x08000222   0x08000222   0x00000000   Code   RO          409    .ARM.Collect$$libshutdown$$00000007  c_w.l(libshutdown2.o)
    0x08000222   0x08000222   0x00000000   Code   RO          412    .ARM.Collect$$libshutdown$$0000000A  c_w.l(libshutdown2.o)
    0x08000222   0x08000222   0x00000000   Code   RO          414    .ARM.Collect$$libshutdown$$0000000C  c_w.l(libshutdown2.o)
    0x08000222   0x08000222   0x00000000   Code   RO          417    .ARM.Collect$$libshutdown$$0000000F  c_w.l(libshutdown2.o)
    0x08000222   0x08000222   0x00000002   Code   RO          418    .ARM.Collect$$libshutdown$$00000010  c_w.l(libshutdown2.o)
    0x08000224   0x08000224   0x00000000   Code   RO          118    .ARM.Collect$$rtentry$$00000000  c_w.l(__rtentry.o)
    0x08000224   0x08000224   0x00000000   Code   RO          219    .ARM.Collect$$rtentry$$00000002  c_w.l(__rtentry2.o)
    0x08000224   0x08000224   0x00000006   Code   RO          231    .ARM.Collect$$rtentry$$00000004  c_w.l(__rtentry4.o)
    0x0800022a   0x0800022a   0x00000000   Code   RO          221    .ARM.Collect$$rtentry$$00000009  c_w.l(__rtentry2.o)
    0x0800022a   0x0800022a   0x00000004   Code   RO          222    .ARM.Collect$$rtentry$$0000000A  c_w.l(__rtentry2.o)
    0x0800022e   0x0800022e   0x00000000   Code   RO          224    .ARM.Collect$$rtentry$$0000000C  c_w.l(__rtentry2.o)
    0x0800022e   0x0800022e   0x00000008   Code   RO          225    .ARM.Collect$$rtentry$$0000000D  c_w.l(__rtentry2.o)
    0x08000236   0x08000236   0x00000002   Code   RO          310    .ARM.Collect$$rtexit$$00000000  c_w.l(rtexit.o)
    0x08000238   0x08000238   0x00000000   Code   RO          367    .ARM.Collect$$rtexit$$00000002  c_w.l(rtexit2.o)
    0x08000238   0x08000238   0x00000004   Code   RO          368    .ARM.Collect$$rtexit$$00000003  c_w.l(rtexit2.o)
    0x0800023c   0x0800023c   0x00000006   Code   RO          369    .ARM.Collect$$rtexit$$00000004  c_w.l(rtexit2.o)
    0x08000242   0x08000242   0x00000002   PAD
    0x08000244   0x08000244   0x00000040   Code   RO           87  * .text               startup_stm32f10x_ld.o
    0x08000284   0x08000284   0x00000040   Code   RO          112    .text               c_w.l(snprintf.o)
    0x080002c4   0x080002c4   0x00000006   Code   RO          114    .text               c_w.l(heapauxi.o)
    0x080002ca   0x080002ca   0x0000004e   Code   RO          121    .text               c_w.l(_printf_pad.o)
    0x08000318   0x08000318   0x00000024   Code   RO          123    .text               c_w.l(_printf_truncate.o)
    0x0800033c   0x0800033c   0x00000052   Code   RO          125    .text               c_w.l(_printf_str.o)
    0x0800038e   0x0800038e   0x00000002   PAD
    0x08000390   0x08000390   0x00000078   Code   RO          127    .text               c_w.l(_printf_dec.o)
    0x08000408   0x08000408   0x00000028   Code   RO          129    .text               c_w.l(_printf_charcount.o)
    0x08000430   0x08000430   0x00000030   Code   RO          131    .text               c_w.l(_printf_char_common.o)
    0x08000460   0x08000460   0x00000010   Code   RO          133    .text               c_w.l(_snputc.o)
    0x08000470   0x08000470   0x000000bc   Code   RO          135    .text               c_w.l(_printf_wctomb.o)
    0x0800052c   0x0800052c   0x0000007c   Code   RO          138    .text               c_w.l(_printf_longlong_dec.o)
    0x080005a8   0x080005a8   0x00000070   Code   RO          144    .text               c_w.l(_printf_oct_int_ll.o)
    0x08000618   0x08000618   0x00000094   Code   RO          164    .text               c_w.l(_printf_hex_int_ll_ptr.o)
    0x080006ac   0x080006ac   0x00000188   Code   RO          184    .text               c_w.l(__printf_flags_ss_wp.o)
    0x08000834   0x08000834   0x0000008a   Code   RO          233    .text               c_w.l(lludiv10.o)
    0x080008be   0x080008be   0x000000b2   Code   RO          235    .text               c_w.l(_printf_intcommon.o)
    0x08000970   0x08000970   0x0000041c   Code   RO          237    .text               c_w.l(_printf_fp_dec.o)
    0x08000d8c   0x08000d8c   0x000002fc   Code   RO          241    .text               c_w.l(_printf_fp_hex.o)
    0x08001088   0x08001088   0x0000002c   Code   RO          246    .text               c_w.l(_printf_char.o)
    0x080010b4   0x080010b4   0x0000002c   Code   RO          248    .text               c_w.l(_printf_wchar.o)
    0x080010e0   0x080010e0   0x00000048   Code   RO          251    .text               c_w.l(_c16rtomb.o)
    0x08001128   0x08001128   0x0000004a   Code   RO          253    .text               c_w.l(sys_stackheap_outer.o)
    0x08001172   0x08001172   0x00000002   PAD
    0x08001174   0x08001174   0x00000010   Code   RO          255    .text               c_w.l(rt_ctype_table.o)
    0x08001184   0x08001184   0x00000008   Code   RO          260    .text               c_w.l(rt_locale_intlibspace.o)
    0x0800118c   0x0800118c   0x00000080   Code   RO          262    .text               c_w.l(_printf_fp_infnan.o)
    0x0800120c   0x0800120c   0x000000e4   Code   RO          264    .text               c_w.l(bigflt0.o)
    0x080012f0   0x080012f0   0x00000012   Code   RO          294    .text               c_w.l(exit.o)
    0x08001302   0x08001302   0x00000002   PAD
    0x08001304   0x08001304   0x00000008   Code   RO          307    .text               c_w.l(libspace.o)
    0x0800130c   0x0800130c   0x00000080   Code   RO          317    .text               c_w.l(strcmpv7m.o)
    0x0800138c   0x0800138c   0x0000000c   Code   RO          379    .text               c_w.l(sys_exit.o)
    0x08001398   0x08001398   0x00000002   Code   RO          394    .text               c_w.l(use_no_semi.o)
    0x0800139a   0x0800139a   0x00000000   Code   RO          396    .text               c_w.l(indicate_semi.o)
    0x0800139a   0x0800139a   0x00000002   PAD
    0x0800139c   0x0800139c   0x00000008   Code   RO           96    .text.SetSysClock   system_stm32f10x.o
    0x080013a4   0x080013a4   0x00000122   Code   RO          100    .text.SetSysClockTo72  system_stm32f10x.o
    0x080014c6   0x080014c6   0x00000002   PAD
    0x080014c8   0x080014c8   0x00000066   Code   RO           94    .text.SystemInit    system_stm32f10x.o
    0x0800152e   0x0800152e   0x00000002   PAD
    0x08001530   0x08001530   0x00000074   Code   RO            6    .text.adc_init      main.o
    0x080015a4   0x080015a4   0x00000078   Code   RO           24    .text.adc_read      main.o
    0x0800161c   0x0800161c   0x00000034   Code   RO           26    .text.adc_to_value  main.o
    0x08001650   0x08001650   0x0000005c   Code   RO           28    .text.button_pressed_edge  main.o
    0x080016ac   0x080016ac   0x00000038   Code   RO           72    .text.buzzer_beep   main.o
    0x080016e4   0x080016e4   0x00000020   Code   RO           22    .text.delay_ms      main.o
    0x08001704   0x08001704   0x0000001e   Code   RO           46    .text.delay_us      main.o
    0x08001722   0x08001722   0x00000002   PAD
    0x08001724   0x08001724   0x00000096   Code   RO            4    .text.gpio_init     main.o
    0x080017ba   0x080017ba   0x00000002   PAD
    0x080017bc   0x080017bc   0x00000024   Code   RO           48    .text.i2c_init      main.o
    0x080017e0   0x080017e0   0x0000000e   Code   RO           54    .text.i2c_scl_high  main.o
    0x080017ee   0x080017ee   0x00000002   PAD
    0x080017f0   0x080017f0   0x00000010   Code   RO           66    .text.i2c_scl_low   main.o
    0x08001800   0x08001800   0x0000000e   Code   RO           56    .text.i2c_sda_high  main.o
    0x0800180e   0x0800180e   0x00000002   PAD
    0x08001810   0x08001810   0x00000010   Code   RO           64    .text.i2c_sda_low   main.o
    0x08001820   0x08001820   0x00000026   Code   RO           58    .text.i2c_start     main.o
    0x08001846   0x08001846   0x00000002   PAD
    0x08001848   0x08001848   0x00000022   Code   RO           62    .text.i2c_stop      main.o
    0x0800186a   0x0800186a   0x00000002   PAD
    0x0800186c   0x0800186c   0x0000007a   Code   RO           60    .text.i2c_write_byte  main.o
    0x080018e6   0x080018e6   0x00000002   PAD
    0x080018e8   0x080018e8   0x00000010   Code   RO           16    .text.lcd_clear     main.o
    0x080018f8   0x080018f8   0x00000016   Code   RO           52    .text.lcd_cmd       main.o
    0x0800190e   0x0800190e   0x00000002   PAD
    0x08001910   0x08001910   0x00000016   Code   RO           70    .text.lcd_data      main.o
    0x08001926   0x08001926   0x00000002   PAD
    0x08001928   0x08001928   0x00000066   Code   RO           10    .text.lcd_init      main.o
    0x0800198e   0x0800198e   0x00000002   PAD
    0x08001990   0x08001990   0x00000022   Code   RO           20    .text.lcd_print     main.o
    0x080019b2   0x080019b2   0x00000002   PAD
    0x080019b4   0x080019b4   0x00000030   Code   RO           68    .text.lcd_send_byte  main.o
    0x080019e4   0x080019e4   0x00000030   Code   RO           18    .text.lcd_set_cursor  main.o
    0x08001a14   0x08001a14   0x00000072   Code   RO           32    .text.lcd_show_values  main.o
    0x08001a86   0x08001a86   0x00000002   PAD
    0x08001a88   0x08001a88   0x0000005c   Code   RO           50    .text.lcd_write4    main.o
    0x08001ae4   0x08001ae4   0x0000001c   Code   RO           12    .text.leds_all_off  main.o
    0x08001b00   0x08001b00   0x00000350   Code   RO            2    .text.main          main.o
    0x08001e50   0x08001e50   0x00000016   Code   RO           34    .text.read_chpwd    main.o
    0x08001e66   0x08001e66   0x00000002   PAD
    0x08001e68   0x08001e68   0x00000010   Code   RO           36    .text.read_open     main.o
    0x08001e78   0x08001e78   0x00000016   Code   RO           30    .text.read_reset    main.o
    0x08001e8e   0x08001e8e   0x00000002   PAD
    0x08001e90   0x08001e90   0x00000092   Code   RO            8    .text.servo_init    main.o
    0x08001f22   0x08001f22   0x00000002   PAD
    0x08001f24   0x08001f24   0x00000032   Code   RO           14    .text.servo_set_angle  main.o
    0x08001f56   0x08001f56   0x00000002   PAD
    0x08001f58   0x08001f58   0x00000014   Code   RO           38    .text.sound_correct  main.o
    0x08001f6c   0x08001f6c   0x00000024   Code   RO           44    .text.sound_password_done  main.o
    0x08001f90   0x08001f90   0x0000000c   Code   RO           42    .text.sound_saved   main.o
    0x08001f9c   0x08001f9c   0x0000000e   Code   RO           40    .text.sound_wrong   main.o
    0x08001faa   0x08001faa   0x0000003e   Code   RO          267    CL$$btod_d2e        c_w.l(btod.o)
    0x08001fe8   0x08001fe8   0x00000046   Code   RO          269    CL$$btod_d2e_denorm_low  c_w.l(btod.o)
    0x0800202e   0x0800202e   0x00000060   Code   RO          268    CL$$btod_d2e_norm_op1  c_w.l(btod.o)
    0x0800208e   0x0800208e   0x00000002   PAD
    0x08002090   0x08002090   0x00000338   Code   RO          277    CL$$btod_div_common  c_w.l(btod.o)
    0x080023c8   0x080023c8   0x000000dc   Code   RO          274    CL$$btod_e2e        c_w.l(btod.o)
    0x080024a4   0x080024a4   0x0000002a   Code   RO          271    CL$$btod_ediv       c_w.l(btod.o)
    0x080024ce   0x080024ce   0x0000002a   Code   RO          270    CL$$btod_emul       c_w.l(btod.o)
    0x080024f8   0x080024f8   0x00000244   Code   RO          276    CL$$btod_mult_common  c_w.l(btod.o)
    0x0800273c   0x0800273c   0x00000028   Code   RO          305    i.__ARM_fpclassify  m_ws.l(fpclassify.o)
    0x08002764   0x08002764   0x0000000e   Code   RO          177    i._is_digit         c_w.l(__printf_wp.o)
    0x08002772   0x08002772   0x00000002   PAD
    0x08002774   0x08002774   0x0000002c   Code   RO          292    locale$$code        c_w.l(lc_numeric_c.o)
    0x080027a0   0x080027a0   0x0000002c   Code   RO          315    locale$$code        c_w.l(lc_ctype_c.o)
    0x080027cc   0x080027cc   0x00000004   Code   RO          210    x$fpl$printf1       fz_ws.l(printf1.o)
    0x080027d0   0x080027d0   0x00000004   Code   RO          212    x$fpl$printf2       fz_ws.l(printf2.o)
    0x080027d4   0x080027d4   0x00000000   Code   RO          304    x$fpl$usenofp       fz_ws.l(usenofp.o)
    0x080027d4   0x080027d4   0x00000008   Data   RO          136    .constdata          c_w.l(_printf_wctomb.o)
    0x080027dc   0x080027dc   0x00000028   Data   RO          165    .constdata          c_w.l(_printf_hex_int_ll_ptr.o)
    0x08002804   0x08002804   0x00000011   Data   RO          185    .constdata          c_w.l(__printf_flags_ss_wp.o)
    0x08002815   0x08002815   0x00000026   Data   RO          242    .constdata          c_w.l(_printf_fp_hex.o)
    0x0800283b   0x0800283b   0x00000001   PAD
    0x0800283c   0x0800283c   0x00000094   Data   RO          265    .constdata          c_w.l(bigflt0.o)
    0x080028d0   0x080028d0   0x00000075   Data   RO           74    .rodata.str1.1      main.o
    0x08002945   0x08002945   0x00000003   PAD
    0x08002948   0x08002948   0x00000010   Data   RO          452    Region$$Table       anon$$obj.o
    0x08002958   0x08002958   0x0000001c   Data   RO          291    locale$$data        c_w.l(lc_numeric_c.o)
    0x08002974   0x08002974   0x00000110   Data   RO          314    locale$$data        c_w.l(lc_ctype_c.o)


    Execution Region ER_RW (Exec base: 0x20000000, Load base: 0x08002a84, Size: 0x00000000, Max: 0xffffffff, ABSOLUTE)

    **** No section assigned to this execution region ****


    Execution Region ER_ZI (Exec base: 0x20000000, Load base: 0x08002a84, Size: 0x00000660, Max: 0xffffffff, ABSOLUTE)

    Exec Addr    Load Addr    Size         Type   Attr      Idx    E Section Name        Object

    0x20000000        -       0x00000060   Zero   RW          308    .bss                c_w.l(libspace.o)
    0x20000060        -       0x00000200   Zero   RW           85    HEAP                startup_stm32f10x_ld.o
    0x20000260        -       0x00000400   Zero   RW           84    STACK               startup_stm32f10x_ld.o


==============================================================================

Image component sizes


      Code (inc. data)   RO Data    RW Data    ZI Data      Debug   Object Name

      2650          0        117          0          0       8089   main.o
        64         26        236          0       1536        840   startup_stm32f10x_ld.o
       400          0          0          0          0       2992   system_stm32f10x.o

    ----------------------------------------------------------------------
      3150         26        372          0       1536      11921   Object Totals
         0          0         16          0          0          0   (incl. Generated)
        36          0          3          0          0          0   (incl. Padding)

    ----------------------------------------------------------------------

      Code (inc. data)   RO Data    RW Data    ZI Data      Debug   Library Member Name

         8          0          0          0          0         68   __main.o
       392          4         17          0          0         92   __printf_flags_ss_wp.o
        14          0          0          0          0         68   __printf_wp.o
         0          0          0          0          0          0   __rtentry.o
        12          0          0          0          0          0   __rtentry2.o
         6          0          0          0          0          0   __rtentry4.o
        94          8          0          0          0          0   __scatter.o
        28          0          0          0          0          0   __scatter_zi.o
        72          0          0          0          0         96   _c16rtomb.o
         6          0          0          0          0          0   _printf_a.o
         6          0          0          0          0          0   _printf_c.o
        44          0          0          0          0        108   _printf_char.o
        48          6          0          0          0         96   _printf_char_common.o
        40          0          0          0          0         68   _printf_charcount.o
         6          0          0          0          0          0   _printf_d.o
       120         16          0          0          0         92   _printf_dec.o
         6          0          0          0          0          0   _printf_e.o
         6          0          0          0          0          0   _printf_f.o
      1052          0          0          0          0        148   _printf_fp_dec.o
       764          8         38          0          0        100   _printf_fp_hex.o
       128         16          0          0          0         84   _printf_fp_infnan.o
         6          0          0          0          0          0   _printf_g.o
       148          4         40          0          0        160   _printf_hex_int_ll_ptr.o
         6          0          0          0          0          0   _printf_i.o
       178          0          0          0          0         88   _printf_intcommon.o
        10          0          0          0          0          0   _printf_l.o
         6          0          0          0          0          0   _printf_lc.o
        10          0          0          0          0          0   _printf_ll.o
         6          0          0          0          0          0   _printf_lld.o
         6          0          0          0          0          0   _printf_lli.o
         6          0          0          0          0          0   _printf_llo.o
         6          0          0          0          0          0   _printf_llu.o
         6          0          0          0          0          0   _printf_llx.o
       124         16          0          0          0         92   _printf_longlong_dec.o
         6          0          0          0          0          0   _printf_ls.o
         6          0          0          0          0          0   _printf_n.o
         6          0          0          0          0          0   _printf_o.o
       112          8          0          0          0        124   _printf_oct_int_ll.o
         6          0          0          0          0          0   _printf_p.o
        78          0          0          0          0        108   _printf_pad.o
         0          0          0          0          0          0   _printf_percent.o
         4          0          0          0          0          0   _printf_percent_end.o
         6          0          0          0          0          0   _printf_s.o
        82          0          0          0          0         80   _printf_str.o
        36          0          0          0          0         84   _printf_truncate.o
         6          0          0          0          0          0   _printf_u.o
        44          0          0          0          0        108   _printf_wchar.o
       188          6          8          0          0         92   _printf_wctomb.o
         6          0          0          0          0          0   _printf_x.o
        16          0          0          0          0         68   _snputc.o
       228          4        148          0          0         96   bigflt0.o
      1936        128          0          0          0        668   btod.o
        18          0          0          0          0         80   exit.o
         6          0          0          0          0        152   heapauxi.o
         0          0          0          0          0          0   indicate_semi.o
        44         10        272          0          0         76   lc_ctype_c.o
        44         10         28          0          0         76   lc_numeric_c.o
         2          0          0          0          0          0   libinit.o
        30          0          0          0          0          0   libinit2.o
         2          0          0          0          0          0   libshutdown.o
         2          0          0          0          0          0   libshutdown2.o
         8          4          0          0         96         68   libspace.o
       138          0          0          0          0         80   lludiv10.o
        16          4          0          0          0         76   rt_ctype_table.o
         8          4          0          0          0         68   rt_locale_intlibspace.o
         2          0          0          0          0          0   rtexit.o
        10          0          0          0          0          0   rtexit2.o
        64          6          0          0          0         84   snprintf.o
       128          0          0          0          0         68   strcmpv7m.o
        12          4          0          0          0         68   sys_exit.o
        74          0          0          0          0         80   sys_stackheap_outer.o
         2          0          0          0          0         68   use_no_semi.o
         4          0          0          0          0         68   printf1.o
         4          0          0          0          0         68   printf2.o
         0          0          0          0          0          0   usenofp.o
        40          0          0          0          0         68   fpclassify.o

    ----------------------------------------------------------------------
      6810        266        552          0         96       4036   Library Totals
        16          0          1          0          0          0   (incl. Padding)

    ----------------------------------------------------------------------

      Code (inc. data)   RO Data    RW Data    ZI Data      Debug   Library Name

      6746        266        551          0         96       3832   c_w.l
         8          0          0          0          0        136   fz_ws.l
        40          0          0          0          0         68   m_ws.l

    ----------------------------------------------------------------------
      6810        266        552          0         96       4036   Library Totals

    ----------------------------------------------------------------------

==============================================================================


      Code (inc. data)   RO Data    RW Data    ZI Data      Debug   

      9960        292        924          0       1632      13801   Grand Totals
      9960        292        924          0       1632      13801   ELF Image Totals
      9960        292        924          0          0          0   ROM Totals

==============================================================================

    Total RO  Size (Code + RO Data)                10884 (  10.63kB)
    Total RW  Size (RW Data + ZI Data)              1632 (   1.59kB)
    Total ROM Size (Code + RO Data + RW Data)      10884 (  10.63kB)

==============================================================================

